[1/44] Building CXX object CMakeFiles/firestarter_py32f071.elf.dir/workspaces/firestarter/src/rurp_vpp.cpp.obj
[2/44] Building CXX object CMakeFiles/firestarter_py32f071.elf.dir/workspaces/firestarter/src/proms/eprom_params.cpp.obj
[3/44] Building CXX object CMakeFiles/firestarter_py32f071.elf.dir/workspaces/firestarter/src/proms/eprom_budget.cpp.obj
[4/44] Building CXX object CMakeFiles/firestarter_py32f071.elf.dir/workspaces/firestarter/src/rurp_config_utils.cpp.obj
[5/44] Building CXX object CMakeFiles/firestarter_py32f071.elf.dir/workspaces/firestarter/src/hardware_operations.cpp.obj
/workspaces/firestarter/src/hardware_operations.cpp: In function 'bool fw_get_version(firestarter_handle_t*)':
/workspaces/firestarter/src/hardware_operations.cpp:92:43: warning: unused parameter 'handle' [-Wunused-parameter]
   92 | bool fw_get_version(firestarter_handle_t* handle) {
      |                     ~~~~~~~~~~~~~~~~~~~~~~^~~~~~
/workspaces/firestarter/src/hardware_operations.cpp: In function 'bool hw_get_config(firestarter_handle_t*)':
/workspaces/firestarter/src/hardware_operations.cpp:117:42: warning: unused parameter 'handle' [-Wunused-parameter]
  117 | bool hw_get_config(firestarter_handle_t* handle) {
      |                    ~~~~~~~~~~~~~~~~~~~~~~^~~~~~
[6/44] Building CXX object CMakeFiles/firestarter_py32f071.elf.dir/workspaces/firestarter/src/firestarter.cpp.obj
[7/44] Building CXX object CMakeFiles/firestarter_py32f071.elf.dir/workspaces/firestarter/src/proms/sram.cpp.obj
/workspaces/firestarter/src/proms/sram.cpp: In function 'void configure_sram(firestarter_handle_t*)':
/workspaces/firestarter/src/proms/sram.cpp:15:43: warning: unused parameter 'handle' [-Wunused-parameter]
   15 | void configure_sram(firestarter_handle_t* handle) {
      |                     ~~~~~~~~~~~~~~~~~~~~~~^~~~~~
[8/44] Building CXX object CMakeFiles/firestarter_py32f071.elf.dir/workspaces/firestarter/src/eprom_operations.cpp.obj
[9/44] Building ASM object CMakeFiles/firestarter_py32f071.elf.dir/startup/startup_py32f071.s.obj
[10/44] Building CXX object CMakeFiles/firestarter_py32f071.elf.dir/workspaces/firestarter/src/proms/flash_nor_unlock.cpp.obj
[11/44] Building CXX object CMakeFiles/firestarter_py32f071.elf.dir/workspaces/firestarter/src/proms/eeprom_28c.cpp.obj
[12/44] Building CXX object CMakeFiles/firestarter_py32f071.elf.dir/workspaces/firestarter/src/proms/not_implemented.cpp.obj
[13/44] Building CXX object CMakeFiles/firestarter_py32f071.elf.dir/workspaces/firestarter/src/operation_utils.cpp.obj
[14/44] Building CXX object CMakeFiles/firestarter_py32f071.elf.dir/workspaces/firestarter/src/proms/flash_5v_page.cpp.obj
[15/44] Building CXX object CMakeFiles/firestarter_py32f071.elf.dir/workspaces/firestarter/src/boards/rurp_serial_utils.cpp.obj
/workspaces/firestarter/src/boards/rurp_serial_utils.cpp: In function 'void _firestarter_emit_frame(uint8_t, const uint8_t*, uint8_t)':
/workspaces/firestarter/src/boards/rurp_serial_utils.cpp:399:21: warning: comparison is always false due to limited range of data type [-Wtype-limits]
  399 |     if (param_count > 65533) {   // u16 max (65535) - 2 (for id + crc)
      |         ~~~~~~~~~~~~^~~~~~~
[16/44] Building CXX object CMakeFiles/firestarter_py32f071.elf.dir/workspaces/firestarter/src/proms/flash_utils.cpp.obj
/workspaces/firestarter/src/proms/flash_utils.cpp: In function 'void fu_flash_fast_address(firestarter_handle_t*, uint32_t)':
/workspaces/firestarter/src/proms/flash_utils.cpp:61:50: warning: unused parameter 'handle' [-Wunused-parameter]
   61 | void fu_flash_fast_address(firestarter_handle_t* handle, uint32_t address) {
      |                            ~~~~~~~~~~~~~~~~~~~~~~^~~~~~
[17/44] Building CXX object CMakeFiles/firestarter_py32f071.elf.dir/src/platform_compat.cpp.obj
[18/44] Building CXX object CMakeFiles/firestarter_py32f071.elf.dir/src/main.cpp.obj
[19/44] Building CXX object CMakeFiles/firestarter_py32f071.elf.dir/workspaces/firestarter/src/proms/flash_intel.cpp.obj
[20/44] Building CXX object CMakeFiles/firestarter_py32f071.elf.dir/workspaces/firestarter/src/proms/memory.cpp.obj
In file included from /workspaces/firestarter/src/proms/memory.cpp:23:
/workspaces/firestarter/platform/py32f071/../../include/rurp_pinmap_guard.h: In function 'bool rurp_pinmap_refuses(uint8_t)':
/workspaces/firestarter/platform/py32f071/../../include/rurp_pinmap_guard.h:88:48: warning: unused parameter 'cmd' [-Wunused-parameter]
   88 | static inline bool rurp_pinmap_refuses(uint8_t cmd) {
      |                                        ~~~~~~~~^~~
/workspaces/firestarter/src/proms/memory.cpp: In function 'void memory_set_control_register(firestarter_handle_t*, uint8_t, bool)':
/workspaces/firestarter/src/proms/memory.cpp:145:56: warning: unused parameter 'handle' [-Wunused-parameter]
  145 | void memory_set_control_register(firestarter_handle_t* handle, rurp_register_t bit, bool state) {
      |                                  ~~~~~~~~~~~~~~~~~~~~~~^~~~~~
/workspaces/firestarter/src/proms/memory.cpp: In function 'bool memory_get_control_register(firestarter_handle_t*, uint8_t)':
/workspaces/firestarter/src/proms/memory.cpp:151:56: warning: unused parameter 'handle' [-Wunused-parameter]
  151 | bool memory_get_control_register(firestarter_handle_t* handle, rurp_register_t bit) {
      |                                  ~~~~~~~~~~~~~~~~~~~~~~^~~~~~
/workspaces/firestarter/src/proms/memory.cpp: In function 'uint8_t mem_util_calculate_lsb_register(firestarter_handle_t*, uint32_t)':
/workspaces/firestarter/src/proms/memory.cpp:155:71: warning: unused parameter 'handle' [-Wunused-parameter]
  155 | rurp_register_t mem_util_calculate_lsb_register(firestarter_handle_t* handle, uint32_t address) {
      |                                                 ~~~~~~~~~~~~~~~~~~~~~~^~~~~~
/workspaces/firestarter/src/proms/memory.cpp: In function 'uint8_t mem_util_calculate_msb_register(firestarter_handle_t*, uint32_t)':
/workspaces/firestarter/src/proms/memory.cpp:159:71: warning: unused parameter 'handle' [-Wunused-parameter]
  159 | rurp_register_t mem_util_calculate_msb_register(firestarter_handle_t* handle, uint32_t address) {
      |                                                 ~~~~~~~~~~~~~~~~~~~~~~^~~~~~
[21/44] Building C object CMakeFiles/firestarter_py32f071.elf.dir/_deps/py32f071_sdk-src/Templates/PY32F071xx_Templates/Src/system_py32f071.c.obj
[22/44] Building CXX object CMakeFiles/firestarter_py32f071.elf.dir/src/timing.cpp.obj
[23/44] Building CXX object CMakeFiles/firestarter_py32f071.elf.dir/workspaces/firestarter/src/proms/eprom.cpp.obj
[24/44] Building C object CMakeFiles/firestarter_py32f071.elf.dir/src/usb_cdc.c.obj
[25/44] Building C object CMakeFiles/firestarter_py32f071.elf.dir/workspaces/firestarter/lib/jsmn/src/jsmn.c.obj
[26/44] Building C object CMakeFiles/firestarter_py32f071.elf.dir/_deps/py32f071_sdk-src/Drivers/PY32F071_HAL_Driver/Src/py32f071_hal.c.obj
[27/44] Building CXX object CMakeFiles/firestarter_py32f071.elf.dir/src/config_storage_flash.cpp.obj
[28/44] Building C object CMakeFiles/firestarter_py32f071.elf.dir/_deps/py32f071_sdk-src/Drivers/PY32F071_HAL_Driver/Src/py32f071_hal_cortex.c.obj
/tmp/gsd146/build/py32f071/_deps/py32f071_sdk-src/Drivers/PY32F071_HAL_Driver/Src/py32f071_hal_cortex.c: In function 'HAL_NVIC_SetPriority':
/tmp/gsd146/build/py32f071/_deps/py32f071_sdk-src/Drivers/PY32F071_HAL_Driver/Src/py32f071_hal_cortex.c:143:78: warning: unused parameter 'SubPriority' [-Wunused-parameter]
  143 | void HAL_NVIC_SetPriority(IRQn_Type IRQn, uint32_t PreemptPriority, uint32_t SubPriority)
      |                                                                     ~~~~~~~~~^~~~~~~~~~~
[29/44] Building C object CMakeFiles/firestarter_py32f071.elf.dir/_deps/py32f071_sdk-src/Drivers/PY32F071_HAL_Driver/Src/py32f071_hal_rcc_ex.c.obj
[30/44] Building CXX object CMakeFiles/firestarter_py32f071.elf.dir/src/config_storage_dualslot.cpp.obj
[31/44] Building C object CMakeFiles/firestarter_py32f071.elf.dir/_deps/py32f071_sdk-src/Drivers/PY32F071_HAL_Driver/Src/py32f071_hal_gpio.c.obj
[32/44] Building C object CMakeFiles/firestarter_py32f071.elf.dir/workspaces/firestarter/src/json_parser.c.obj
/workspaces/firestarter/src/json_parser.c: In function 'json_init':
/workspaces/firestarter/src/json_parser.c:53:66: warning: division 'sizeof (jsmntok_t * {aka struct jsmntok *}) / sizeof (jsmntok_t {aka struct jsmntok})' does not compute the number of array elements [-Wsizeof-pointer-div]
   53 |     return jsmn_parse(&parser, json, len, tokens, sizeof(tokens) / sizeof(tokens[0]));
      |                                                                  ^
/workspaces/firestarter/src/json_parser.c:50:53: note: first 'sizeof' operand was declared here
   50 | int json_init(const char* json, int len, jsmntok_t* tokens) {
      |                                          ~~~~~~~~~~~^~~~~~
[33/44] Building C object CMakeFiles/firestarter_py32f071.elf.dir/_deps/py32f071_sdk-src/Drivers/PY32F071_HAL_Driver/Src/py32f071_hal_pwr.c.obj
[34/44] Building CXX object CMakeFiles/firestarter_py32f071.elf.dir/src/py32f071_rurp_shield.cpp.obj
[35/44] Building C object CMakeFiles/firestarter_py32f071.elf.dir/_deps/py32f071_sdk-src/Middlewares/Third_Party/CherryUSB/class/cdc/usbd_cdc.c.obj
/tmp/gsd146/build/py32f071/_deps/py32f071_sdk-src/Middlewares/Third_Party/CherryUSB/class/cdc/usbd_cdc.c: In function 'cdc_notify_handler':
/tmp/gsd146/build/py32f071/_deps/py32f071_sdk-src/Middlewares/Third_Party/CherryUSB/class/cdc/usbd_cdc.c:83:53: warning: unused parameter 'arg' [-Wunused-parameter]
   83 | static void cdc_notify_handler(uint8_t event, void *arg)
      |                                               ~~~~~~^~~
/tmp/gsd146/build/py32f071/_deps/py32f071_sdk-src/Middlewares/Third_Party/CherryUSB/class/cdc/usbd_cdc.c: In function 'usbd_cdc_acm_set_line_coding':
/tmp/gsd146/build/py32f071/_deps/py32f071_sdk-src/Middlewares/Third_Party/CherryUSB/class/cdc/usbd_cdc.c:103:50: warning: unused parameter 'intf' [-Wunused-parameter]
  103 | __WEAK void usbd_cdc_acm_set_line_coding(uint8_t intf, struct cdc_line_coding *line_coding)
      |                                          ~~~~~~~~^~~~
/tmp/gsd146/build/py32f071/_deps/py32f071_sdk-src/Middlewares/Third_Party/CherryUSB/class/cdc/usbd_cdc.c:103:80: warning: unused parameter 'line_coding' [-Wunused-parameter]
  103 | __WEAK void usbd_cdc_acm_set_line_coding(uint8_t intf, struct cdc_line_coding *line_coding)
      |                                                        ~~~~~~~~~~~~~~~~~~~~~~~~^~~~~~~~~~~
/tmp/gsd146/build/py32f071/_deps/py32f071_sdk-src/Middlewares/Third_Party/CherryUSB/class/cdc/usbd_cdc.c: In function 'usbd_cdc_acm_get_line_coding':
/tmp/gsd146/build/py32f071/_deps/py32f071_sdk-src/Middlewares/Third_Party/CherryUSB/class/cdc/usbd_cdc.c:107:50: warning: unused parameter 'intf' [-Wunused-parameter]
  107 | __WEAK void usbd_cdc_acm_get_line_coding(uint8_t intf, struct cdc_line_coding *line_coding)
      |                                          ~~~~~~~~^~~~
/tmp/gsd146/build/py32f071/_deps/py32f071_sdk-src/Middlewares/Third_Party/CherryUSB/class/cdc/usbd_cdc.c: In function 'usbd_cdc_acm_set_dtr':
/tmp/gsd146/build/py32f071/_deps/py32f071_sdk-src/Middlewares/Third_Party/CherryUSB/class/cdc/usbd_cdc.c:115:42: warning: unused parameter 'intf' [-Wunused-parameter]
  115 | __WEAK void usbd_cdc_acm_set_dtr(uint8_t intf, bool dtr)
      |                                  ~~~~~~~~^~~~
/tmp/gsd146/build/py32f071/_deps/py32f071_sdk-src/Middlewares/Third_Party/CherryUSB/class/cdc/usbd_cdc.c:115:53: warning: unused parameter 'dtr' [-Wunused-parameter]
  115 | __WEAK void usbd_cdc_acm_set_dtr(uint8_t intf, bool dtr)
      |                                                     ^
/tmp/gsd146/build/py32f071/_deps/py32f071_sdk-src/Middlewares/Third_Party/CherryUSB/class/cdc/usbd_cdc.c: In function 'usbd_cdc_acm_set_rts':
/tmp/gsd146/build/py32f071/_deps/py32f071_sdk-src/Middlewares/Third_Party/CherryUSB/class/cdc/usbd_cdc.c:119:42: warning: unused parameter 'intf' [-Wunused-parameter]
  119 | __WEAK void usbd_cdc_acm_set_rts(uint8_t intf, bool rts)
      |                                  ~~~~~~~~^~~~
/tmp/gsd146/build/py32f071/_deps/py32f071_sdk-src/Middlewares/Third_Party/CherryUSB/class/cdc/usbd_cdc.c:119:53: warning: unused parameter 'rts' [-Wunused-parameter]
  119 | __WEAK void usbd_cdc_acm_set_rts(uint8_t intf, bool rts)
      |                                                     ^
[36/44] Building C object CMakeFiles/firestarter_py32f071.elf.dir/_deps/py32f071_sdk-src/Drivers/PY32F071_HAL_Driver/Src/py32f071_hal_dma.c.obj
[37/44] Building C object CMakeFiles/firestarter_py32f071.elf.dir/_deps/py32f071_sdk-src/Middlewares/Third_Party/CherryUSB/core/usbd_core.c.obj
/tmp/gsd146/build/py32f071/_deps/py32f071_sdk-src/Middlewares/Third_Party/CherryUSB/core/usbd_core.c: In function 'usbd_print_setup':
/tmp/gsd146/build/py32f071/_deps/py32f071_sdk-src/Middlewares/Third_Party/CherryUSB/core/usbd_core.c:63:55: warning: unused parameter 'setup' [-Wunused-parameter]
   63 | static void usbd_print_setup(struct usb_setup_packet *setup)
      |                              ~~~~~~~~~~~~~~~~~~~~~~~~~^~~~~
[38/44] Building C object CMakeFiles/firestarter_py32f071.elf.dir/_deps/py32f071_sdk-src/Drivers/PY32F071_HAL_Driver/Src/py32f071_hal_flash.c.obj
/tmp/gsd146/build/py32f071/_deps/py32f071_sdk-src/Drivers/PY32F071_HAL_Driver/Src/py32f071_hal_flash.c: In function 'HAL_FLASH_Program':
/tmp/gsd146/build/py32f071/_deps/py32f071_sdk-src/Drivers/PY32F071_HAL_Driver/Src/py32f071_hal_flash.c:597:46: warning: unused parameter 'TypeProgram' [-Wunused-parameter]
  597 | HAL_StatusTypeDef HAL_FLASH_Program(uint32_t TypeProgram, uint32_t Address, uint32_t * DataAddr )
      |                                     ~~~~~~~~~^~~~~~~~~~~
[39/44] Building C object CMakeFiles/firestarter_py32f071.elf.dir/_deps/py32f071_sdk-src/Drivers/PY32F071_HAL_Driver/Src/py32f071_hal_rcc.c.obj
[40/44] Building C object CMakeFiles/firestarter_py32f071.elf.dir/_deps/py32f071_sdk-src/Drivers/PY32F071_HAL_Driver/Src/py32f071_hal_adc_ex.c.obj
[41/44] Building C object CMakeFiles/firestarter_py32f071.elf.dir/_deps/py32f071_sdk-src/Middlewares/Third_Party/CherryUSB/port/usb_dc_py32.c.obj
/tmp/gsd146/build/py32f071/_deps/py32f071_sdk-src/Middlewares/Third_Party/CherryUSB/port/usb_dc_py32.c: In function 'usbd_ep_close':
/tmp/gsd146/build/py32f071/_deps/py32f071_sdk-src/Middlewares/Third_Party/CherryUSB/port/usb_dc_py32.c:302:33: warning: unused parameter 'ep' [-Wunused-parameter]
  302 | int usbd_ep_close(const uint8_t ep)
      |                   ~~~~~~~~~~~~~~^~
[42/44] Building C object CMakeFiles/firestarter_py32f071.elf.dir/_deps/py32f071_sdk-src/Drivers/PY32F071_HAL_Driver/Src/py32f071_hal_adc.c.obj
/tmp/gsd146/build/py32f071/_deps/py32f071_sdk-src/Drivers/PY32F071_HAL_Driver/Src/py32f071_hal_adc.c: In function 'HAL_ADC_OverCallback':
/tmp/gsd146/build/py32f071/_deps/py32f071_sdk-src/Drivers/PY32F071_HAL_Driver/Src/py32f071_hal_adc.c:1934:67: warning: unused parameter 'data' [-Wunused-parameter]
 1934 | __weak void HAL_ADC_OverCallback(ADC_HandleTypeDef* hadc,uint32_t data)
      |                                                          ~~~~~~~~~^~~~
[43/44] Building C object CMakeFiles/firestarter_py32f071.elf.dir/_deps/py32f071_sdk-src/Drivers/PY32F071_HAL_Driver/Src/py32f071_hal_tim.c.obj
[44/44] Linking CXX executable firestarter_py32f071.elf
/usr/lib/gcc/arm-none-eabi/14.2.1/../../../arm-none-eabi/bin/ld: warning: sbrk.o: missing .note.GNU-stack section implies executable stack
/usr/lib/gcc/arm-none-eabi/14.2.1/../../../arm-none-eabi/bin/ld: NOTE: This behaviour is deprecated and will be removed in a future version of the linker
   text	   data	    bss	    dec	    hex	filename
  27872	    112	   5888	  33872	   8450	/tmp/gsd146/build/py32f071/firestarter_py32f071.elf
