-- The C compiler identification is GNU 14.2.1
-- The CXX compiler identification is GNU 14.2.1
-- The ASM compiler identification is GNU
-- Found assembler: /usr/bin/arm-none-eabi-gcc
-- Detecting C compiler ABI info
-- Detecting C compiler ABI info - done
-- Check for working C compiler: /usr/bin/arm-none-eabi-gcc - skipped
-- Detecting C compile features
-- Detecting C compile features - done
-- Detecting CXX compiler ABI info
-- Detecting CXX compiler ABI info - done
-- Check for working CXX compiler: /usr/bin/arm-none-eabi-g++ - skipped
-- Detecting CXX compile features
-- Detecting CXX compile features - done
CMake Warning (dev) at /usr/share/cmake-3.31/Modules/FetchContent.cmake:1953 (message):
  Calling FetchContent_Populate(py32f071_sdk) is deprecated, call
  FetchContent_MakeAvailable(py32f071_sdk) instead.  Policy CMP0169 can be
  set to OLD to allow FetchContent_Populate(py32f071_sdk) to be called
  directly for now, but the ability to call it with declared details will be
  removed completely in a future version.
Call Stack (most recent call first):
  CMakeLists.txt:22 (FetchContent_Populate)
This warning is for project developers.  Use -Wno-dev to suppress it.

-- Configuring done (5.9s)
-- Generating done (0.0s)
-- Build files have been written to: /tmp/gsd146/build/py32f071
