=== Step 2: toolchain install, reproducing .github/actions/build-py32f071 action.yml:42-48 ===
$ sudo apt-get update
Hit:1 http://deb.debian.org/debian trixie InRelease
Get:2 http://deb.debian.org/debian trixie-updates InRelease [47.3 kB]
Get:3 http://deb.debian.org/debian-security trixie-security InRelease [43.4 kB]
Fetched 90.7 kB in 0s (686 kB/s)
Reading package lists...
rc_update=0

$ sudo apt-get install -y cmake ninja-build gcc-arm-none-eabi binutils-arm-none-eabi
Preparing to unpack .../08-libnewlib-arm-none-eabi_4.5.0.20241231-1_all.deb ...
Unpacking libnewlib-arm-none-eabi (4.5.0.20241231-1) ...
Selecting previously unselected package libstdc++-arm-none-eabi-dev.
Preparing to unpack .../09-libstdc++-arm-none-eabi-dev_15%3a14.2.rel1-1+29_all.deb ...
Unpacking libstdc++-arm-none-eabi-dev (15:14.2.rel1-1+29) ...
Selecting previously unselected package libstdc++-arm-none-eabi-newlib.
Preparing to unpack .../10-libstdc++-arm-none-eabi-newlib_15%3a14.2.rel1-1+29_all.deb ...
Unpacking libstdc++-arm-none-eabi-newlib (15:14.2.rel1-1+29) ...
Selecting previously unselected package ninja-build.
Preparing to unpack .../11-ninja-build_1.12.1-1_amd64.deb ...
Unpacking ninja-build (1.12.1-1) ...
Setting up binutils-arm-none-eabi (2.44-3+23+b1) ...
Setting up gcc-arm-none-eabi (15:14.2.rel1-1) ...
Setting up ninja-build (1.12.1-1) ...
Setting up libjsoncpp26:amd64 (1.9.6-3) ...
Setting up libnewlib-dev (4.5.0.20241231-1) ...
Setting up libnewlib-arm-none-eabi (4.5.0.20241231-1) ...
Setting up cmake-data (3.31.6-2) ...
Setting up librhash1:amd64 (1.4.5-1) ...
Setting up libarchive13t64:amd64 (3.7.4-4+deb13u1) ...
Setting up libstdc++-arm-none-eabi-dev (15:14.2.rel1-1+29) ...
Setting up libstdc++-arm-none-eabi-newlib (15:14.2.rel1-1+29) ...
Setting up cmake (3.31.6-2) ...
Processing triggers for man-db (2.13.1-1) ...
Processing triggers for libc-bin (2.41-12+deb13u3) ...
rc_install=0
