Processing uno (platform: atmelavr; board: uno; framework: arduino)
--------------------------------------------------------------------------------
Verbose mode can be enabled via `-v, --verbose` option
CONFIGURATION: https://docs.platformio.org/page/boards/atmelavr/uno.html
PLATFORM: Atmel AVR (5.2.0) > Arduino Uno
HARDWARE: ATMEGA328P 16MHz, 2KB RAM, 31.50KB Flash
DEBUG: Current (avr-stub) External (avr-stub, simavr)
PACKAGES: 
 - framework-arduino-avr @ 5.3.0 
 - toolchain-atmelavr @ 1.70300.191015 (7.3.0)
LDF: Library Dependency Finder -> https://bit.ly/configure-pio-ldf
LDF Modes: Finder ~ chain, Compatibility ~ soft
Found 6 compatible libraries
Scanning dependencies...
Dependency Graph
|-- EEPROM @ 2.0
|-- jsmn
Building in release mode
Compiling .pio/build/uno/src/boards/leonardo_rurp_shield.cpp.o
Compiling .pio/build/uno/src/boards/rurp_common.cpp.o
Compiling .pio/build/uno/src/boards/rurp_config_storage_eeprom.cpp.o
Compiling .pio/build/uno/src/boards/rurp_serial_utils.cpp.o
Compiling .pio/build/uno/src/boards/uno_rurp_shield.cpp.o
Compiling .pio/build/uno/src/dev_tools.cpp.o
Compiling .pio/build/uno/src/eprom_operations.cpp.o
Compiling .pio/build/uno/src/firestarter.cpp.o
Compiling .pio/build/uno/src/hardware_operations.cpp.o
Compiling .pio/build/uno/src/json_parser.c.o
Compiling .pio/build/uno/src/operation_utils.cpp.o
Compiling .pio/build/uno/src/proms/eeprom_28c.cpp.o
Compiling .pio/build/uno/src/proms/eprom.cpp.o
Compiling .pio/build/uno/src/proms/eprom_budget.cpp.o
Compiling .pio/build/uno/src/proms/eprom_params.cpp.o
Compiling .pio/build/uno/src/proms/flash_5v_page.cpp.o
Compiling .pio/build/uno/src/proms/flash_intel.cpp.o
Compiling .pio/build/uno/src/proms/flash_nor_unlock.cpp.o
Compiling .pio/build/uno/src/proms/flash_utils.cpp.o
Compiling .pio/build/uno/src/proms/memory.cpp.o
Compiling .pio/build/uno/src/proms/not_implemented.cpp.o
Compiling .pio/build/uno/src/proms/sram.cpp.o
Compiling .pio/build/uno/src/rurp_config_utils.cpp.o
Compiling .pio/build/uno/src/rurp_vpp.cpp.o
Compiling .pio/build/uno/lib5fe/jsmn/jsmn.c.o
Archiving .pio/build/uno/libFrameworkArduinoVariant.a
Indexing .pio/build/uno/libFrameworkArduinoVariant.a
Compiling .pio/build/uno/FrameworkArduino/CDC.cpp.o
Compiling .pio/build/uno/FrameworkArduino/HardwareSerial.cpp.o
Compiling .pio/build/uno/FrameworkArduino/HardwareSerial0.cpp.o
Compiling .pio/build/uno/FrameworkArduino/HardwareSerial1.cpp.o
Archiving .pio/build/uno/lib5fe/libjsmn.a
Indexing .pio/build/uno/lib5fe/libjsmn.a
Compiling .pio/build/uno/FrameworkArduino/HardwareSerial2.cpp.o
Compiling .pio/build/uno/FrameworkArduino/HardwareSerial3.cpp.o
Compiling .pio/build/uno/FrameworkArduino/IPAddress.cpp.o
Compiling .pio/build/uno/FrameworkArduino/PluggableUSB.cpp.o
Compiling .pio/build/uno/FrameworkArduino/Print.cpp.o
Compiling .pio/build/uno/FrameworkArduino/Stream.cpp.o
Compiling .pio/build/uno/FrameworkArduino/Tone.cpp.o
Compiling .pio/build/uno/FrameworkArduino/USBCore.cpp.o
Compiling .pio/build/uno/FrameworkArduino/WInterrupts.c.o
Compiling .pio/build/uno/FrameworkArduino/WMath.cpp.o
Compiling .pio/build/uno/FrameworkArduino/WString.cpp.o
Compiling .pio/build/uno/FrameworkArduino/abi.cpp.o
Compiling .pio/build/uno/FrameworkArduino/hooks.c.o
Compiling .pio/build/uno/FrameworkArduino/main.cpp.o
Compiling .pio/build/uno/FrameworkArduino/new.cpp.o
Compiling .pio/build/uno/FrameworkArduino/wiring.c.o
Compiling .pio/build/uno/FrameworkArduino/wiring_analog.c.o
Compiling .pio/build/uno/FrameworkArduino/wiring_digital.c.o
Compiling .pio/build/uno/FrameworkArduino/wiring_pulse.S.o
Compiling .pio/build/uno/FrameworkArduino/wiring_pulse.c.o
Compiling .pio/build/uno/FrameworkArduino/wiring_shift.c.o
Archiving .pio/build/uno/libFrameworkArduino.a
Indexing .pio/build/uno/libFrameworkArduino.a
Linking .pio/build/uno/firestarter_uno.elf
Checking size .pio/build/uno/firestarter_uno.elf
Advanced Memory Usage is available via "PlatformIO Home > Project Inspect"
RAM:   [========  ]  76.9% (used 1575 bytes from 2048 bytes)
Flash: [========  ]  77.9% (used 25130 bytes from 32256 bytes)
Building .pio/build/uno/firestarter_uno.hex
========================= [SUCCESS] Took 1.11 seconds =========================

Environment    Status    Duration
-------------  --------  ------------
uno            SUCCESS   00:00:01.114
========================= 1 succeeded in 00:00:01.114 =========================
