Connecting...Connecting... OK      
Connecting...Connecting... OK      
Checking chip ID for W27C512
Chip ID check passed for W27C512: (main done) (0.28s)
Connecting...Connecting... OK      
Reading EPROM W27C512, saving to /tmp/chip_test_read_shp_vwto/run_00.bin
EPROM read complete.
Read complete (7.40s). Data saved to /tmp/chip_test_read_shp_vwto/run_00.bin
Connecting...Connecting... OK      
Reading EPROM W27C512, saving to /tmp/chip_test_read_shp_vwto/run_01.bin
EPROM read complete.
Read complete (7.40s). Data saved to /tmp/chip_test_read_shp_vwto/run_01.bin
Connecting...Connecting... OK      
Connecting...Connecting... OK      
Connecting...Connecting... OK      
Writing /tmp/chip_test_pattern_w8jlb65b.bin to W27C512
Write to W27C512 successful (33.33s).
Connecting...Connecting... OK      
Connecting...Connecting... OK      
Connecting...Connecting... OK      
Verifying /tmp/chip_test_pattern_ncaj1fk2.bin against W27C512
Verify for W27C512 successful (5.69s).
Connecting...Connecting... OK      
Erasing EPROM W27C512
Erase for W27C512 successful (5.15s). (main done)
Connecting...Connecting... OK      
Blank checking EPROM W27C512
Blank check for W27C512 successful (4.86s). (main done)
Connecting...
ERROR: Empty input
Connecting... OK      
Connecting...Connecting... OK      
Connecting...