Processing uno328pb (platform: atmelavr; board: ATmega328PB; framework: arduino)
--------------------------------------------------------------------------------
Verbose mode can be enabled via `-v, --verbose` option
CONFIGURATION: https://docs.platformio.org/page/boards/atmelavr/ATmega328PB.html
PLATFORM: Atmel AVR (5.2.0) > ATmega328PB
HARDWARE: ATMEGA328PB 16MHz, 2KB RAM, 32KB Flash
PACKAGES: 
 - framework-arduino-avr-minicore @ 3.1.2 
 - tool-avrdude @ 1.80100.0 (8.1.0) 
 - toolchain-atmelavr @ 1.70300.191015 (7.3.0)
LDF: Library Dependency Finder -> https://bit.ly/configure-pio-ldf
LDF Modes: Finder ~ chain, Compatibility ~ soft
Found 9 compatible libraries
Scanning dependencies...
Dependency Graph
|-- EEPROM @ 2.0
|-- jsmn
Building in release mode
Compiling .pio/build/uno328pb/src/boards/leonardo_rurp_shield.cpp.o
Compiling .pio/build/uno328pb/src/boards/rurp_common.cpp.o
Compiling .pio/build/uno328pb/src/boards/rurp_config_storage_eeprom.cpp.o
Compiling .pio/build/uno328pb/src/boards/rurp_serial_utils.cpp.o
Compiling .pio/build/uno328pb/src/boards/uno_rurp_shield.cpp.o
Compiling .pio/build/uno328pb/src/dev_tools.cpp.o
Compiling .pio/build/uno328pb/src/eprom_operations.cpp.o
Compiling .pio/build/uno328pb/src/firestarter.cpp.o
Compiling .pio/build/uno328pb/src/hardware_operations.cpp.o
Compiling .pio/build/uno328pb/src/json_parser.c.o
Compiling .pio/build/uno328pb/src/operation_utils.cpp.o
Compiling .pio/build/uno328pb/src/proms/eeprom_28c.cpp.o
Compiling .pio/build/uno328pb/src/proms/eprom.cpp.o
Compiling .pio/build/uno328pb/src/proms/eprom_budget.cpp.o
Compiling .pio/build/uno328pb/src/proms/eprom_params.cpp.o
Compiling .pio/build/uno328pb/src/proms/flash_5v_page.cpp.o
Compiling .pio/build/uno328pb/src/proms/flash_intel.cpp.o
Compiling .pio/build/uno328pb/src/proms/flash_nor_unlock.cpp.o
Compiling .pio/build/uno328pb/src/proms/flash_utils.cpp.o
Compiling .pio/build/uno328pb/src/proms/memory.cpp.o
Compiling .pio/build/uno328pb/src/proms/not_implemented.cpp.o
Compiling .pio/build/uno328pb/src/proms/sram.cpp.o
Compiling .pio/build/uno328pb/src/rurp_config_utils.cpp.o
Compiling .pio/build/uno328pb/src/rurp_vpp.cpp.o
Compiling .pio/build/uno328pb/lib5fe/jsmn/jsmn.c.o
Archiving .pio/build/uno328pb/lib5fe/libjsmn.a
Indexing .pio/build/uno328pb/lib5fe/libjsmn.a
Linking .pio/build/uno328pb/firestarter_uno328pb.elf
Checking size .pio/build/uno328pb/firestarter_uno328pb.elf
Advanced Memory Usage is available via "PlatformIO Home > Project Inspect"
RAM:   [=======   ]  70.3% (used 1440 bytes from 2048 bytes)
Flash: [=======   ]  70.2% (used 23000 bytes from 32768 bytes)
Building .pio/build/uno328pb/firestarter_uno328pb.hex
Configuring upload protocol...
AVAILABLE: urclock
CURRENT: upload_protocol = urclock
Looking for upload port...
Using manually specified: /dev/ttyUSB0
Uploading .pio/build/uno328pb/firestarter_uno328pb.hex
========================= [SUCCESS] Took 8.12 seconds =========================

Environment    Status    Duration
-------------  --------  ------------
uno328pb       SUCCESS   00:00:08.124
========================= 1 succeeded in 00:00:08.124 =========================
