Run 1/3: reading w27c512 -> /workspaces/.planning/v1.34/bench/cells/A2/reads/A2__v133__w27c512/run_01.bin
Connecting...Connecting... OK      
EPROM read complete.
Run 1/3: SHA-256 15b679d59968194e4b85005349aaa26a0a71ab923470a48a13b7119ef701b914  bytes=65536  elapsed=17.83s
Run 2/3: reading w27c512 -> /workspaces/.planning/v1.34/bench/cells/A2/reads/A2__v133__w27c512/run_02.bin
Connecting...Connecting... OK      
EPROM read complete.
Run 2/3: SHA-256 928792dc13901907bb5dec7163995ff9555a99c988ce70cdd3a71dde41dae48d  bytes=65536  elapsed=17.71s
Run 3/3: reading w27c512 -> /workspaces/.planning/v1.34/bench/cells/A2/reads/A2__v133__w27c512/run_03.bin
Connecting...Connecting... OK      
EPROM read complete.
Run 3/3: SHA-256 250a2a732c0474452385e3650bf70efa25c87ecdb36d1cd199bbc942cbbcd11a  bytes=65536  elapsed=17.71s

Consistency check: FAIL
Chip: w27c512  Board: unknown-board  Port: /dev/ttyUSB0
Runs: N=3
Distinct SHAs: 3
Output dir: /workspaces/.planning/v1.34/bench/cells/A2/reads/A2__v133__w27c512/
First divergence: offset 0x001A  (run_1=0x0C, run_2=0x16)
Total divergent bytes (run_1 vs run_2): 23 / 65536 (0.0%)
First 10 divergent offsets: 0x001A, 0x002A, 0x002C, 0x0033, 0x0042, 0x0051, 0x007D, 0x0082, 0x0088, 0x00A2
