Run 1/3: reading W27C512 -> /workspaces/.planning/v1.6/post-fix-runs/W27C512-uno328pb-2026-05-26-124041-rebuild/run_01.bin
Connecting...Connecting... OK      
Progress: +512 steps
Progress: +512 steps
Progress: +512 steps
Progress: +512 steps
Progress: +512 steps
Progress: +512 steps
Progress: +512 steps
Progress: +512 steps
Progress: +512 steps
Progress: +512 steps
Progress: +512 steps
Progress: +512 steps
Progress: +512 steps
Progress: +512 steps
Progress: +512 steps
Progress: +512 steps
Progress: +512 steps
Progress: +512 steps
Progress: +512 steps
Progress: +512 steps
Progress: +512 steps
Progress: +512 steps
Progress: +512 steps
Progress: +512 steps
Progress: +512 steps
Progress: +512 steps
Progress: +512 steps
Progress: +512 steps
Progress: +512 steps
Progress: +512 steps
Progress: +512 steps
Progress: +512 steps
Progress: +512 steps
Progress: +512 steps
Progress: +512 steps
Progress: +512 steps
Progress: +512 steps
Progress: +512 steps
Progress: +512 steps
Progress: +512 steps
Progress: +512 steps
Progress: +512 steps
Progress: +512 steps
Progress: +512 steps
Progress: +512 steps
Progress: +512 steps
Progress: +512 steps
Progress: +512 steps
Progress: +512 steps
Progress: +512 steps
Progress: +512 steps
Progress: +512 steps
Progress: +512 steps
Progress: +512 steps
Progress: +512 steps
Progress: +512 steps
Progress: +512 steps
Progress: +512 steps
Progress: +512 steps
Progress: +512 steps
Progress: +512 steps
Progress: +512 steps
Progress: +512 steps
Progress: +512 steps
Progress: +512 steps
Progress: +512 steps
Progress: +512 steps
Progress: +512 steps
Progress: +512 steps
Progress: +512 steps
Progress: +512 steps
Progress: +512 steps
Progress: +512 steps
Progress: +512 steps
Progress: +512 steps
Progress: +512 steps
Progress: +512 steps
Progress: +512 steps
Progress: +512 steps
Progress: +512 steps
Progress: +512 steps
Progress: +512 steps
Progress: +512 steps
Progress: +512 steps
Progress: +512 steps
Progress: +512 steps
Progress: +512 steps
Progress: +512 steps
Progress: +512 steps
Progress: +512 steps
Progress: +512 steps
Progress: +512 steps
Progress: +512 steps
Progress: +512 steps
Progress: +512 steps
Progress: +512 steps
Progress: +512 steps
Progress: +512 steps
Progress: +512 steps
Progress: +512 steps
Progress: +512 steps
Progress: +512 steps
Progress: +512 steps
Progress: +512 steps
Progress: +512 steps
Progress: +512 steps
Progress: +512 steps
Progress: +512 steps
Progress: +512 steps
Progress: +512 steps
Progress: +512 steps
Progress: +512 steps
Progress: +512 steps
Progress: +512 steps
Progress: +512 steps
Progress: +512 steps
Progress: +512 steps
Progress: +512 steps
Progress: +512 steps
Progress: +512 steps
Progress: +512 steps
Progress: +512 steps
Progress: +512 steps
Progress: +512 steps
Progress: +512 steps
Progress: +512 steps
Progress: +512 steps
Progress: +512 steps
EPROM read complete.
Run 1/3: SHA-256 662c23b5183fddfd848ff8b6180048100415a9aeafbd400076cf19616ce3cba8  bytes=65536  elapsed=20.17s
Run 2/3: reading W27C512 -> /workspaces/.planning/v1.6/post-fix-runs/W27C512-uno328pb-2026-05-26-124041-rebuild/run_02.bin
Connecting...Connecting... OK      
Progress: +512 steps
Progress: +512 steps
Progress: +512 steps
Progress: +512 steps
Progress: +512 steps
Progress: +512 steps
Progress: +512 steps
Progress: +512 steps
Progress: +512 steps
Progress: +512 steps
Progress: +512 steps
Progress: +512 steps
Progress: +512 steps
Progress: +512 steps
Progress: +512 steps
Progress: +512 steps
Progress: +512 steps
Progress: +512 steps
Progress: +512 steps
Progress: +512 steps
Progress: +512 steps
Progress: +512 steps
Progress: +512 steps
Progress: +512 steps
Progress: +512 steps
Progress: +512 steps
Progress: +512 steps
Progress: +512 steps
Progress: +512 steps
Progress: +512 steps
Progress: +512 steps
Progress: +512 steps
Progress: +512 steps
Progress: +512 steps
Progress: +512 steps
Progress: +512 steps
Progress: +512 steps
Progress: +512 steps
Progress: +512 steps
Progress: +512 steps
Progress: +512 steps
Progress: +512 steps
Progress: +512 steps
Progress: +512 steps
Progress: +512 steps
Progress: +512 steps
Progress: +512 steps
Progress: +512 steps
Progress: +512 steps
Progress: +512 steps
Progress: +512 steps
Progress: +512 steps
Progress: +512 steps
Progress: +512 steps
Progress: +512 steps
Progress: +512 steps
Progress: +512 steps
Progress: +512 steps
Progress: +512 steps
Progress: +512 steps
Progress: +512 steps
Progress: +512 steps
Progress: +512 steps
Progress: +512 steps
Progress: +512 steps
Progress: +512 steps
Progress: +512 steps
Progress: +512 steps
Progress: +512 steps
Progress: +512 steps
Progress: +512 steps
Progress: +512 steps
Progress: +512 steps
Progress: +512 steps
Progress: +512 steps
Progress: +512 steps
Progress: +512 steps
Progress: +512 steps
Progress: +512 steps
Progress: +512 steps
Progress: +512 steps
Progress: +512 steps
Progress: +512 steps
Progress: +512 steps
Progress: +512 steps
Progress: +512 steps
Progress: +512 steps
Progress: +512 steps
Progress: +512 steps
Progress: +512 steps
Progress: +512 steps
Progress: +512 steps
Progress: +512 steps
Progress: +512 steps
Progress: +512 steps
Progress: +512 steps
Progress: +512 steps
Progress: +512 steps
Progress: +512 steps
Progress: +512 steps
Progress: +512 steps
Progress: +512 steps
Progress: +512 steps
Progress: +512 steps
Progress: +512 steps
Progress: +512 steps
Progress: +512 steps
Progress: +512 steps
Progress: +512 steps
Progress: +512 steps
Progress: +512 steps
Progress: +512 steps
Progress: +512 steps
Progress: +512 steps
Progress: +512 steps
Progress: +512 steps
Progress: +512 steps
Progress: +512 steps
Progress: +512 steps
Progress: +512 steps
Progress: +512 steps
Progress: +512 steps
Progress: +512 steps
Progress: +512 steps
Progress: +512 steps
Progress: +512 steps
Progress: +512 steps
Progress: +512 steps
EPROM read complete.
Run 2/3: SHA-256 c531196dbe40ee2cd2c6e0f6433e3500d1a0580257b8186b70ebe5406f34087e  bytes=65536  elapsed=20.08s
Run 3/3: reading W27C512 -> /workspaces/.planning/v1.6/post-fix-runs/W27C512-uno328pb-2026-05-26-124041-rebuild/run_03.bin
Connecting...Connecting... OK      
Progress: +512 steps
Progress: +512 steps
Progress: +512 steps
Progress: +512 steps
Progress: +512 steps
Progress: +512 steps
Progress: +512 steps
Progress: +512 steps
Progress: +512 steps
Progress: +512 steps
Progress: +512 steps
Progress: +512 steps
Progress: +512 steps
Progress: +512 steps
Progress: +512 steps
Progress: +512 steps
Progress: +512 steps
Progress: +512 steps
Progress: +512 steps
Progress: +512 steps
Progress: +512 steps
Progress: +512 steps
Progress: +512 steps
Progress: +512 steps
Progress: +512 steps
Progress: +512 steps
Progress: +512 steps
Progress: +512 steps
Progress: +512 steps
Progress: +512 steps
Progress: +512 steps
Progress: +512 steps
Progress: +512 steps
Progress: +512 steps
Progress: +512 steps
Progress: +512 steps
Progress: +512 steps
Progress: +512 steps
Progress: +512 steps
Progress: +512 steps
Progress: +512 steps
Progress: +512 steps
Progress: +512 steps
Progress: +512 steps
Progress: +512 steps
Progress: +512 steps
Progress: +512 steps
Progress: +512 steps
Progress: +512 steps
Progress: +512 steps
Progress: +512 steps
Progress: +512 steps
Progress: +512 steps
Progress: +512 steps
Progress: +512 steps
Progress: +512 steps
Progress: +512 steps
Progress: +512 steps
Progress: +512 steps
Progress: +512 steps
Progress: +512 steps
Progress: +512 steps
Progress: +512 steps
Progress: +512 steps
Progress: +512 steps
Progress: +512 steps
Progress: +512 steps
Progress: +512 steps
Progress: +512 steps
Progress: +512 steps
Progress: +512 steps
Progress: +512 steps
Progress: +512 steps
Progress: +512 steps
Progress: +512 steps
Progress: +512 steps
Progress: +512 steps
Progress: +512 steps
Progress: +512 steps
Progress: +512 steps
Progress: +512 steps
Progress: +512 steps
Progress: +512 steps
Progress: +512 steps
Progress: +512 steps
Progress: +512 steps
Progress: +512 steps
Progress: +512 steps
Progress: +512 steps
Progress: +512 steps
Progress: +512 steps
Progress: +512 steps
Progress: +512 steps
Progress: +512 steps
Progress: +512 steps
Progress: +512 steps
Progress: +512 steps
Progress: +512 steps
Progress: +512 steps
Progress: +512 steps
Progress: +512 steps
Progress: +512 steps
Progress: +512 steps
Progress: +512 steps
Progress: +512 steps
Progress: +512 steps
Progress: +512 steps
Progress: +512 steps
Progress: +512 steps
Progress: +512 steps
Progress: +512 steps
Progress: +512 steps
Progress: +512 steps
Progress: +512 steps
Progress: +512 steps
Progress: +512 steps
Progress: +512 steps
Progress: +512 steps
Progress: +512 steps
Progress: +512 steps
Progress: +512 steps
Progress: +512 steps
Progress: +512 steps
Progress: +512 steps
Progress: +512 steps
Progress: +512 steps
Progress: +512 steps
Progress: +512 steps
EPROM read complete.
Run 3/3: SHA-256 d7b956cf4c18ba2921458849dded7e29b2a9a3e7789b7554ed8da76bfc86319d  bytes=65536  elapsed=20.09s

Consistency check: FAIL
Chip: W27C512  Board: unknown-board  Port: /dev/ttyUSB0
Runs: N=3
Distinct SHAs: 3
Output dir: /workspaces/.planning/v1.6/post-fix-runs/W27C512-uno328pb-2026-05-26-124041-rebuild//
First divergence: offset 0x006F  (run_1=0x03, run_2=0xFF)
Total divergent bytes (run_1 vs run_2): 11303 / 65536 (17.2%)
First 10 divergent offsets: 0x006F, 0x0077, 0x01CF, 0x02EB, 0x03F3, 0x04B7, 0x06CF, 0x07D7, 0x07EB, 0x086F
