Run 1/5: reading W27C512 -> /workspaces/.planning/v1.6/pre-fix-runs/W27C512-uno328pb-2026-05-26-122305-prefix/run_01.bin
Connecting...Connecting... OK      
Progress: +512 steps
Progress: +512 steps
Progress: +512 steps
Progress: +512 steps
Progress: +512 steps
Progress: +512 steps
Progress: +512 steps
Progress: +512 steps
Progress: +512 steps
Progress: +512 steps
Progress: +512 steps
Progress: +512 steps
Progress: +512 steps
Progress: +512 steps
Progress: +512 steps
Progress: +512 steps
Progress: +512 steps
Progress: +512 steps
Progress: +512 steps
Progress: +512 steps
Progress: +512 steps
Progress: +512 steps
Progress: +512 steps
Progress: +512 steps
Progress: +512 steps
Progress: +512 steps
Progress: +512 steps
Progress: +512 steps
Progress: +512 steps
Progress: +512 steps
Progress: +512 steps
Progress: +512 steps
Progress: +512 steps
Progress: +512 steps
Progress: +512 steps
Progress: +512 steps
Progress: +512 steps
Progress: +512 steps
Progress: +512 steps
Progress: +512 steps
Progress: +512 steps
Progress: +512 steps
Progress: +512 steps
Progress: +512 steps
Progress: +512 steps
Progress: +512 steps
Progress: +512 steps
Progress: +512 steps
Progress: +512 steps
Progress: +512 steps
Progress: +512 steps
Progress: +512 steps
Progress: +512 steps
Progress: +512 steps
Progress: +512 steps
Progress: +512 steps
Progress: +512 steps
Progress: +512 steps
Progress: +512 steps
Progress: +512 steps
Progress: +512 steps
Progress: +512 steps
Progress: +512 steps
Progress: +512 steps
Progress: +512 steps
Progress: +512 steps
Progress: +512 steps
Progress: +512 steps
Progress: +512 steps
Progress: +512 steps
Progress: +512 steps
Progress: +512 steps
Progress: +512 steps
Progress: +512 steps
Progress: +512 steps
Progress: +512 steps
Progress: +512 steps
Progress: +512 steps
Progress: +512 steps
Progress: +512 steps
Progress: +512 steps
Progress: +512 steps
Progress: +512 steps
Progress: +512 steps
Progress: +512 steps
Progress: +512 steps
Progress: +512 steps
Progress: +512 steps
Progress: +512 steps
Progress: +512 steps
Progress: +512 steps
Progress: +512 steps
Progress: +512 steps
Progress: +512 steps
Progress: +512 steps
Progress: +512 steps
Progress: +512 steps
Progress: +512 steps
Progress: +512 steps
Progress: +512 steps
Progress: +512 steps
Progress: +512 steps
Progress: +512 steps
Progress: +512 steps
Progress: +512 steps
Progress: +512 steps
Progress: +512 steps
Progress: +512 steps
Progress: +512 steps
Progress: +512 steps
Progress: +512 steps
Progress: +512 steps
Progress: +512 steps
Progress: +512 steps
Progress: +512 steps
Progress: +512 steps
Progress: +512 steps
Progress: +512 steps
Progress: +512 steps
Progress: +512 steps
Progress: +512 steps
Progress: +512 steps
Progress: +512 steps
Progress: +512 steps
Progress: +512 steps
Progress: +512 steps
Progress: +512 steps
Progress: +512 steps
EPROM read complete.
Run 1/5: SHA-256 1b47750627831ebb353c75e6c656ed4ed2b7fee68cafad98a2041e99775c1a8d  bytes=65536  elapsed=20.17s
Run 2/5: reading W27C512 -> /workspaces/.planning/v1.6/pre-fix-runs/W27C512-uno328pb-2026-05-26-122305-prefix/run_02.bin
Connecting...Connecting... OK      
Progress: +512 steps
Progress: +512 steps
Progress: +512 steps
Progress: +512 steps
Progress: +512 steps
Progress: +512 steps
Progress: +512 steps
Progress: +512 steps
Progress: +512 steps
Progress: +512 steps
Progress: +512 steps
Progress: +512 steps
Progress: +512 steps
Progress: +512 steps
Progress: +512 steps
Progress: +512 steps
Progress: +512 steps
Progress: +512 steps
Progress: +512 steps
Progress: +512 steps
Progress: +512 steps
Progress: +512 steps
Progress: +512 steps
Progress: +512 steps
Progress: +512 steps
Progress: +512 steps
Progress: +512 steps
Progress: +512 steps
Progress: +512 steps
Progress: +512 steps
Progress: +512 steps
Progress: +512 steps
Progress: +512 steps
Progress: +512 steps
Progress: +512 steps
Progress: +512 steps
Progress: +512 steps
Progress: +512 steps
Progress: +512 steps
Progress: +512 steps
Progress: +512 steps
Progress: +512 steps
Progress: +512 steps
Progress: +512 steps
Progress: +512 steps
Progress: +512 steps
Progress: +512 steps
Progress: +512 steps
Progress: +512 steps
Progress: +512 steps
Progress: +512 steps
Progress: +512 steps
Progress: +512 steps
Progress: +512 steps
Progress: +512 steps
Progress: +512 steps
Progress: +512 steps
Progress: +512 steps
Progress: +512 steps
Progress: +512 steps
Progress: +512 steps
Progress: +512 steps
Progress: +512 steps
Progress: +512 steps
Progress: +512 steps
Progress: +512 steps
Progress: +512 steps
Progress: +512 steps
Progress: +512 steps
Progress: +512 steps
Progress: +512 steps
Progress: +512 steps
Progress: +512 steps
Progress: +512 steps
Progress: +512 steps
Progress: +512 steps
Progress: +512 steps
Progress: +512 steps
Progress: +512 steps
Progress: +512 steps
Progress: +512 steps
Progress: +512 steps
Progress: +512 steps
Progress: +512 steps
Progress: +512 steps
Progress: +512 steps
Progress: +512 steps
Progress: +512 steps
Progress: +512 steps
Progress: +512 steps
Progress: +512 steps
Progress: +512 steps
Progress: +512 steps
Progress: +512 steps
Progress: +512 steps
Progress: +512 steps
Progress: +512 steps
Progress: +512 steps
Progress: +512 steps
Progress: +512 steps
Progress: +512 steps
Progress: +512 steps
Progress: +512 steps
Progress: +512 steps
Progress: +512 steps
Progress: +512 steps
Progress: +512 steps
Progress: +512 steps
Progress: +512 steps
Progress: +512 steps
Progress: +512 steps
Progress: +512 steps
Progress: +512 steps
Progress: +512 steps
Progress: +512 steps
Progress: +512 steps
Progress: +512 steps
Progress: +512 steps
Progress: +512 steps
Progress: +512 steps
Progress: +512 steps
Progress: +512 steps
Progress: +512 steps
Progress: +512 steps
Progress: +512 steps
Progress: +512 steps
Progress: +512 steps
Progress: +512 steps
EPROM read complete.
Run 2/5: SHA-256 bf3e4aff109414f95a2e1ab26f097c1f1df16cd5d2fe0884c87b95691d80fab8  bytes=65536  elapsed=20.07s
Run 3/5: reading W27C512 -> /workspaces/.planning/v1.6/pre-fix-runs/W27C512-uno328pb-2026-05-26-122305-prefix/run_03.bin
Connecting...Connecting... OK      
Progress: +512 steps
Progress: +512 steps
Progress: +512 steps
Progress: +512 steps
Progress: +512 steps
Progress: +512 steps
Progress: +512 steps
Progress: +512 steps
Progress: +512 steps
Progress: +512 steps
Progress: +512 steps
Progress: +512 steps
Progress: +512 steps
Progress: +512 steps
Progress: +512 steps
Progress: +512 steps
Progress: +512 steps
Progress: +512 steps
Progress: +512 steps
Progress: +512 steps
Progress: +512 steps
Progress: +512 steps
Progress: +512 steps
Progress: +512 steps
Progress: +512 steps
Progress: +512 steps
Progress: +512 steps
Progress: +512 steps
Progress: +512 steps
Progress: +512 steps
Progress: +512 steps
Progress: +512 steps
Progress: +512 steps
Progress: +512 steps
Progress: +512 steps
Progress: +512 steps
Progress: +512 steps
Progress: +512 steps
Progress: +512 steps
Progress: +512 steps
Progress: +512 steps
Progress: +512 steps
Progress: +512 steps
Progress: +512 steps
Progress: +512 steps
Progress: +512 steps
Progress: +512 steps
Progress: +512 steps
Progress: +512 steps
Progress: +512 steps
Progress: +512 steps
Progress: +512 steps
Progress: +512 steps
Progress: +512 steps
Progress: +512 steps
Progress: +512 steps
Progress: +512 steps
Progress: +512 steps
Progress: +512 steps
Progress: +512 steps
Progress: +512 steps
Progress: +512 steps
Progress: +512 steps
Progress: +512 steps
Progress: +512 steps
Progress: +512 steps
Progress: +512 steps
Progress: +512 steps
Progress: +512 steps
Progress: +512 steps
Progress: +512 steps
Progress: +512 steps
Progress: +512 steps
Progress: +512 steps
Progress: +512 steps
Progress: +512 steps
Progress: +512 steps
Progress: +512 steps
Progress: +512 steps
Progress: +512 steps
Progress: +512 steps
Progress: +512 steps
Progress: +512 steps
Progress: +512 steps
Progress: +512 steps
Progress: +512 steps
Progress: +512 steps
Progress: +512 steps
Progress: +512 steps
Progress: +512 steps
Progress: +512 steps
Progress: +512 steps
Progress: +512 steps
Progress: +512 steps
Progress: +512 steps
Progress: +512 steps
Progress: +512 steps
Progress: +512 steps
Progress: +512 steps
Progress: +512 steps
Progress: +512 steps
Progress: +512 steps
Progress: +512 steps
Progress: +512 steps
Progress: +512 steps
Progress: +512 steps
Progress: +512 steps
Progress: +512 steps
Progress: +512 steps
Progress: +512 steps
Progress: +512 steps
Progress: +512 steps
Progress: +512 steps
Progress: +512 steps
Progress: +512 steps
Progress: +512 steps
Progress: +512 steps
Progress: +512 steps
Progress: +512 steps
Progress: +512 steps
Progress: +512 steps
Progress: +512 steps
Progress: +512 steps
Progress: +512 steps
Progress: +512 steps
Progress: +512 steps
Progress: +512 steps
Progress: +512 steps
EPROM read complete.
Run 3/5: SHA-256 ecb9e9ae7e51ea26d17b277435d809f5d1b1e08b9bc6bdc6797573ea1bd00cae  bytes=65536  elapsed=20.08s
Run 4/5: reading W27C512 -> /workspaces/.planning/v1.6/pre-fix-runs/W27C512-uno328pb-2026-05-26-122305-prefix/run_04.bin
Connecting...Connecting... OK      
Progress: +512 steps
Progress: +512 steps
Progress: +512 steps
Progress: +512 steps
Progress: +512 steps
Progress: +512 steps
Progress: +512 steps
Progress: +512 steps
Progress: +512 steps
Progress: +512 steps
Progress: +512 steps
Progress: +512 steps
Progress: +512 steps
Progress: +512 steps
Progress: +512 steps
Progress: +512 steps
Progress: +512 steps
Progress: +512 steps
Progress: +512 steps
Progress: +512 steps
Progress: +512 steps
Progress: +512 steps
Progress: +512 steps
Progress: +512 steps
Progress: +512 steps
Progress: +512 steps
Progress: +512 steps
Progress: +512 steps
Progress: +512 steps
Progress: +512 steps
Progress: +512 steps
Progress: +512 steps
Progress: +512 steps
Progress: +512 steps
Progress: +512 steps
Progress: +512 steps
Progress: +512 steps
Progress: +512 steps
Progress: +512 steps
Progress: +512 steps
Progress: +512 steps
Progress: +512 steps
Progress: +512 steps
Progress: +512 steps
Progress: +512 steps
Progress: +512 steps
Progress: +512 steps
Progress: +512 steps
Progress: +512 steps
Progress: +512 steps
Progress: +512 steps
Progress: +512 steps
Progress: +512 steps
Progress: +512 steps
Progress: +512 steps
Progress: +512 steps
Progress: +512 steps
Progress: +512 steps
Progress: +512 steps
Progress: +512 steps
Progress: +512 steps
Progress: +512 steps
Progress: +512 steps
Progress: +512 steps
Progress: +512 steps
Progress: +512 steps
Progress: +512 steps
Progress: +512 steps
Progress: +512 steps
Progress: +512 steps
Progress: +512 steps
Progress: +512 steps
Progress: +512 steps
Progress: +512 steps
Progress: +512 steps
Progress: +512 steps
Progress: +512 steps
Progress: +512 steps
Progress: +512 steps
Progress: +512 steps
Progress: +512 steps
Progress: +512 steps
Progress: +512 steps
Progress: +512 steps
Progress: +512 steps
Progress: +512 steps
Progress: +512 steps
Progress: +512 steps
Progress: +512 steps
Progress: +512 steps
Progress: +512 steps
Progress: +512 steps
Progress: +512 steps
Progress: +512 steps
Progress: +512 steps
Progress: +512 steps
Progress: +512 steps
Progress: +512 steps
Progress: +512 steps
Progress: +512 steps
Progress: +512 steps
Progress: +512 steps
Progress: +512 steps
Progress: +512 steps
Progress: +512 steps
Progress: +512 steps
Progress: +512 steps
Progress: +512 steps
Progress: +512 steps
Progress: +512 steps
Progress: +512 steps
Progress: +512 steps
Progress: +512 steps
Progress: +512 steps
Progress: +512 steps
Progress: +512 steps
Progress: +512 steps
Progress: +512 steps
Progress: +512 steps
Progress: +512 steps
Progress: +512 steps
Progress: +512 steps
Progress: +512 steps
Progress: +512 steps
Progress: +512 steps
Progress: +512 steps
Progress: +512 steps
Progress: +512 steps
EPROM read complete.
Run 4/5: SHA-256 cb37df8c6357039c4a23ba85e8b95a8c58e1545ea7e47d950ab3e333be35d266  bytes=65536  elapsed=20.08s
Run 5/5: reading W27C512 -> /workspaces/.planning/v1.6/pre-fix-runs/W27C512-uno328pb-2026-05-26-122305-prefix/run_05.bin
Connecting...Connecting... OK      
Progress: +512 steps
Progress: +512 steps
Progress: +512 steps
Progress: +512 steps
Progress: +512 steps
Progress: +512 steps
Progress: +512 steps
Progress: +512 steps
Progress: +512 steps
Progress: +512 steps
Progress: +512 steps
Progress: +512 steps
Progress: +512 steps
Progress: +512 steps
Progress: +512 steps
Progress: +512 steps
Progress: +512 steps
Progress: +512 steps
Progress: +512 steps
Progress: +512 steps
Progress: +512 steps
Progress: +512 steps
Progress: +512 steps
Progress: +512 steps
Progress: +512 steps
Progress: +512 steps
Progress: +512 steps
Progress: +512 steps
Progress: +512 steps
Progress: +512 steps
Progress: +512 steps
Progress: +512 steps
Progress: +512 steps
Progress: +512 steps
Progress: +512 steps
Progress: +512 steps
Progress: +512 steps
Progress: +512 steps
Progress: +512 steps
Progress: +512 steps
Progress: +512 steps
Progress: +512 steps
Progress: +512 steps
Progress: +512 steps
Progress: +512 steps
Progress: +512 steps
Progress: +512 steps
Progress: +512 steps
Progress: +512 steps
Progress: +512 steps
Progress: +512 steps
Progress: +512 steps
Progress: +512 steps
Progress: +512 steps
Progress: +512 steps
Progress: +512 steps
Progress: +512 steps
Progress: +512 steps
Progress: +512 steps
Progress: +512 steps
Progress: +512 steps
Progress: +512 steps
Progress: +512 steps
Progress: +512 steps
Progress: +512 steps
Progress: +512 steps
Progress: +512 steps
Progress: +512 steps
Progress: +512 steps
Progress: +512 steps
Progress: +512 steps
Progress: +512 steps
Progress: +512 steps
Progress: +512 steps
Progress: +512 steps
Progress: +512 steps
Progress: +512 steps
Progress: +512 steps
Progress: +512 steps
Progress: +512 steps
Progress: +512 steps
Progress: +512 steps
Progress: +512 steps
Progress: +512 steps
Progress: +512 steps
Progress: +512 steps
Progress: +512 steps
Progress: +512 steps
Progress: +512 steps
Progress: +512 steps
Progress: +512 steps
Progress: +512 steps
Progress: +512 steps
Progress: +512 steps
Progress: +512 steps
Progress: +512 steps
Progress: +512 steps
Progress: +512 steps
Progress: +512 steps
Progress: +512 steps
Progress: +512 steps
Progress: +512 steps
Progress: +512 steps
Timeout waiting for a response from /dev/ttyUSB0.
Communication error during READ: Timeout waiting for a significant response from /dev/ttyUSB0.
Run 5: hardware/serial error -- read incomplete.
