Run 1/5: reading W27C512 -> /workspaces/.planning/v1.6/pre-fix-runs/W27C512-leonardo-2026-05-26-121940-prefix/run_01.bin
Connecting...Connecting... OK      
ERROR: Chip ID 0xda09 does not match expected ID 0xda08
Communication error during READ: Programmer error during init: Chip ID 0xda09 does not match expected ID 0xda08
Run 1: hardware/serial error -- read incomplete.
Run 1/5: reading W27C512 -> /workspaces/.planning/v1.6/pre-fix-runs/W27C512-leonardo-2026-05-26-121940-prefix/run_01.bin
Connecting...Connecting... OK      
WARN: Chip ID 0xda09 does not match expected ID 0xda08
Programmer warning: Chip ID 0xda09 does not match expected ID 0xda08
Progress: +512 steps
Progress: +512 steps
Progress: +512 steps
Progress: +512 steps
Progress: +512 steps
Progress: +512 steps
Progress: +512 steps
Progress: +512 steps
Progress: +512 steps
Progress: +512 steps
Progress: +512 steps
Progress: +512 steps
Progress: +512 steps
Progress: +512 steps
Progress: +512 steps
Progress: +512 steps
Progress: +512 steps
Progress: +512 steps
Progress: +512 steps
Progress: +512 steps
Progress: +512 steps
Progress: +512 steps
Progress: +512 steps
Progress: +512 steps
Progress: +512 steps
Progress: +512 steps
Progress: +512 steps
Progress: +512 steps
Progress: +512 steps
Progress: +512 steps
Progress: +512 steps
Progress: +512 steps
Progress: +512 steps
Progress: +512 steps
Progress: +512 steps
Progress: +512 steps
Progress: +512 steps
Progress: +512 steps
Progress: +512 steps
Progress: +512 steps
Progress: +512 steps
Progress: +512 steps
Progress: +512 steps
Progress: +512 steps
Progress: +512 steps
Progress: +512 steps
Progress: +512 steps
Progress: +512 steps
Progress: +512 steps
Progress: +512 steps
Progress: +512 steps
Progress: +512 steps
Progress: +512 steps
Progress: +512 steps
Progress: +512 steps
Progress: +512 steps
Progress: +512 steps
Progress: +512 steps
Progress: +512 steps
Progress: +512 steps
Progress: +512 steps
Progress: +512 steps
Progress: +512 steps
Progress: +512 steps
Progress: +512 steps
Progress: +512 steps
Progress: +512 steps
Progress: +512 steps
Progress: +512 steps
Progress: +512 steps
Progress: +512 steps
Progress: +512 steps
Progress: +512 steps
Progress: +512 steps
Progress: +512 steps
Progress: +512 steps
Progress: +512 steps
Progress: +512 steps
Progress: +512 steps
Progress: +512 steps
Progress: +512 steps
Progress: +512 steps
Progress: +512 steps
Progress: +512 steps
Progress: +512 steps
Progress: +512 steps
Progress: +512 steps
Progress: +512 steps
Progress: +512 steps
Progress: +512 steps
Progress: +512 steps
Progress: +512 steps
Progress: +512 steps
Progress: +512 steps
Progress: +512 steps
Progress: +512 steps
Progress: +512 steps
Progress: +512 steps
Progress: +512 steps
Progress: +512 steps
Progress: +512 steps
Progress: +512 steps
Progress: +512 steps
Progress: +512 steps
Progress: +512 steps
Progress: +512 steps
Progress: +512 steps
Progress: +512 steps
Progress: +512 steps
Progress: +512 steps
Progress: +512 steps
Progress: +512 steps
Progress: +512 steps
Progress: +512 steps
Progress: +512 steps
Progress: +512 steps
Progress: +512 steps
Progress: +512 steps
Progress: +512 steps
Progress: +512 steps
Progress: +512 steps
Progress: +512 steps
Progress: +512 steps
Progress: +512 steps
Progress: +512 steps
Progress: +512 steps
Progress: +512 steps
Progress: +512 steps
EPROM read complete.
Run 1/5: SHA-256 d2c04858226f97188e9278ba1cb44adce7e1a766464062b4345b7360f60796ee  bytes=65536  elapsed=13.50s
Run 2/5: reading W27C512 -> /workspaces/.planning/v1.6/pre-fix-runs/W27C512-leonardo-2026-05-26-121940-prefix/run_02.bin
Connecting...Connecting... OK      
WARN: Chip ID 0xda09 does not match expected ID 0xda08
Programmer warning: Chip ID 0xda09 does not match expected ID 0xda08
Progress: +512 steps
Progress: +512 steps
Progress: +512 steps
Progress: +512 steps
Progress: +512 steps
Progress: +512 steps
Progress: +512 steps
Progress: +512 steps
Progress: +512 steps
Progress: +512 steps
Progress: +512 steps
Progress: +512 steps
Progress: +512 steps
Progress: +512 steps
Progress: +512 steps
Progress: +512 steps
Progress: +512 steps
Progress: +512 steps
Progress: +512 steps
Progress: +512 steps
Progress: +512 steps
Progress: +512 steps
Progress: +512 steps
Progress: +512 steps
Progress: +512 steps
Progress: +512 steps
Progress: +512 steps
Progress: +512 steps
Progress: +512 steps
Progress: +512 steps
Progress: +512 steps
Progress: +512 steps
Progress: +512 steps
Progress: +512 steps
Progress: +512 steps
Progress: +512 steps
Progress: +512 steps
Progress: +512 steps
Progress: +512 steps
Progress: +512 steps
Progress: +512 steps
Progress: +512 steps
Progress: +512 steps
Progress: +512 steps
Progress: +512 steps
Progress: +512 steps
Progress: +512 steps
Progress: +512 steps
Progress: +512 steps
Progress: +512 steps
Progress: +512 steps
Progress: +512 steps
Progress: +512 steps
Progress: +512 steps
Progress: +512 steps
Progress: +512 steps
Progress: +512 steps
Progress: +512 steps
Progress: +512 steps
Progress: +512 steps
Progress: +512 steps
Progress: +512 steps
Progress: +512 steps
Progress: +512 steps
Progress: +512 steps
Progress: +512 steps
Progress: +512 steps
Progress: +512 steps
Progress: +512 steps
Progress: +512 steps
Progress: +512 steps
Progress: +512 steps
Progress: +512 steps
Progress: +512 steps
Progress: +512 steps
Progress: +512 steps
Progress: +512 steps
Progress: +512 steps
Progress: +512 steps
Progress: +512 steps
Progress: +512 steps
Progress: +512 steps
Progress: +512 steps
Progress: +512 steps
Progress: +512 steps
Progress: +512 steps
Progress: +512 steps
Progress: +512 steps
Progress: +512 steps
Progress: +512 steps
Progress: +512 steps
Progress: +512 steps
Progress: +512 steps
Progress: +512 steps
Progress: +512 steps
Progress: +512 steps
Progress: +512 steps
Progress: +512 steps
Progress: +512 steps
Progress: +512 steps
Progress: +512 steps
Progress: +512 steps
Progress: +512 steps
Progress: +512 steps
Progress: +512 steps
Progress: +512 steps
Progress: +512 steps
Progress: +512 steps
Progress: +512 steps
Progress: +512 steps
Progress: +512 steps
Progress: +512 steps
Progress: +512 steps
Progress: +512 steps
Progress: +512 steps
Progress: +512 steps
Progress: +512 steps
Progress: +512 steps
Progress: +512 steps
Progress: +512 steps
Progress: +512 steps
Progress: +512 steps
Progress: +512 steps
Progress: +512 steps
Progress: +512 steps
Progress: +512 steps
Progress: +512 steps
Progress: +512 steps
EPROM read complete.
Run 2/5: SHA-256 4d70e1c20347c43edd75a31e7ffa1aa8369a94e003c51c5bb6ee86324a574200  bytes=65536  elapsed=13.46s
Run 3/5: reading W27C512 -> /workspaces/.planning/v1.6/pre-fix-runs/W27C512-leonardo-2026-05-26-121940-prefix/run_03.bin
Connecting...Connecting... OK      
WARN: Chip ID 0xda09 does not match expected ID 0xda08
Programmer warning: Chip ID 0xda09 does not match expected ID 0xda08
Progress: +512 steps
Progress: +512 steps
Progress: +512 steps
Progress: +512 steps
Progress: +512 steps
Progress: +512 steps
Progress: +512 steps
Progress: +512 steps
Progress: +512 steps
Progress: +512 steps
Progress: +512 steps
Progress: +512 steps
Progress: +512 steps
Progress: +512 steps
Progress: +512 steps
Progress: +512 steps
Progress: +512 steps
Progress: +512 steps
Progress: +512 steps
Progress: +512 steps
Progress: +512 steps
Progress: +512 steps
Progress: +512 steps
Progress: +512 steps
Progress: +512 steps
Progress: +512 steps
Progress: +512 steps
Progress: +512 steps
Progress: +512 steps
Progress: +512 steps
Progress: +512 steps
Progress: +512 steps
Progress: +512 steps
Progress: +512 steps
Progress: +512 steps
Progress: +512 steps
Progress: +512 steps
Progress: +512 steps
Progress: +512 steps
Progress: +512 steps
Progress: +512 steps
Progress: +512 steps
Progress: +512 steps
Progress: +512 steps
Progress: +512 steps
Progress: +512 steps
Progress: +512 steps
Progress: +512 steps
Progress: +512 steps
Progress: +512 steps
Progress: +512 steps
Progress: +512 steps
Progress: +512 steps
Progress: +512 steps
Progress: +512 steps
Progress: +512 steps
Progress: +512 steps
Progress: +512 steps
Progress: +512 steps
Progress: +512 steps
Progress: +512 steps
Progress: +512 steps
Progress: +512 steps
Progress: +512 steps
Progress: +512 steps
Progress: +512 steps
Progress: +512 steps
Progress: +512 steps
Progress: +512 steps
Progress: +512 steps
Progress: +512 steps
Progress: +512 steps
Progress: +512 steps
Progress: +512 steps
Progress: +512 steps
Progress: +512 steps
Progress: +512 steps
Progress: +512 steps
Progress: +512 steps
Progress: +512 steps
Progress: +512 steps
Progress: +512 steps
Progress: +512 steps
Progress: +512 steps
Progress: +512 steps
Progress: +512 steps
Progress: +512 steps
Progress: +512 steps
Progress: +512 steps
Progress: +512 steps
Progress: +512 steps
Progress: +512 steps
Progress: +512 steps
Progress: +512 steps
Progress: +512 steps
Progress: +512 steps
Progress: +512 steps
Progress: +512 steps
Progress: +512 steps
Progress: +512 steps
Progress: +512 steps
Progress: +512 steps
Progress: +512 steps
Progress: +512 steps
Progress: +512 steps
Progress: +512 steps
Progress: +512 steps
Progress: +512 steps
Progress: +512 steps
Progress: +512 steps
Progress: +512 steps
Progress: +512 steps
Progress: +512 steps
Progress: +512 steps
Progress: +512 steps
Progress: +512 steps
Progress: +512 steps
Progress: +512 steps
Progress: +512 steps
Progress: +512 steps
Progress: +512 steps
Progress: +512 steps
Progress: +512 steps
Progress: +512 steps
Progress: +512 steps
Progress: +512 steps
Progress: +512 steps
Progress: +512 steps
EPROM read complete.
Run 3/5: SHA-256 18d4322db9c68acfa0cc884eba295f05cedf3789f6b7b73145710cc70de0c786  bytes=65536  elapsed=13.35s
Run 4/5: reading W27C512 -> /workspaces/.planning/v1.6/pre-fix-runs/W27C512-leonardo-2026-05-26-121940-prefix/run_04.bin
Connecting...Connecting... OK      
WARN: Chip ID 0xda09 does not match expected ID 0xda08
Programmer warning: Chip ID 0xda09 does not match expected ID 0xda08
Progress: +512 steps
Progress: +512 steps
Progress: +512 steps
Progress: +512 steps
Progress: +512 steps
Progress: +512 steps
Progress: +512 steps
Progress: +512 steps
Progress: +512 steps
Progress: +512 steps
Progress: +512 steps
Progress: +512 steps
Progress: +512 steps
Progress: +512 steps
Progress: +512 steps
Progress: +512 steps
Progress: +512 steps
Progress: +512 steps
Progress: +512 steps
Progress: +512 steps
Progress: +512 steps
Progress: +512 steps
Progress: +512 steps
Progress: +512 steps
Progress: +512 steps
Progress: +512 steps
Progress: +512 steps
Progress: +512 steps
Progress: +512 steps
Progress: +512 steps
Progress: +512 steps
Progress: +512 steps
Progress: +512 steps
Progress: +512 steps
Progress: +512 steps
Progress: +512 steps
Progress: +512 steps
Progress: +512 steps
Progress: +512 steps
Progress: +512 steps
Progress: +512 steps
Progress: +512 steps
Progress: +512 steps
Progress: +512 steps
Progress: +512 steps
Progress: +512 steps
Progress: +512 steps
Progress: +512 steps
Progress: +512 steps
Progress: +512 steps
Progress: +512 steps
Progress: +512 steps
Progress: +512 steps
Progress: +512 steps
Progress: +512 steps
Progress: +512 steps
Progress: +512 steps
Progress: +512 steps
Progress: +512 steps
Progress: +512 steps
Progress: +512 steps
Progress: +512 steps
Progress: +512 steps
Progress: +512 steps
Progress: +512 steps
Progress: +512 steps
Progress: +512 steps
Progress: +512 steps
Progress: +512 steps
Progress: +512 steps
Progress: +512 steps
Progress: +512 steps
Progress: +512 steps
Progress: +512 steps
Progress: +512 steps
Progress: +512 steps
Progress: +512 steps
Progress: +512 steps
Progress: +512 steps
Progress: +512 steps
Progress: +512 steps
Progress: +512 steps
Progress: +512 steps
Progress: +512 steps
Progress: +512 steps
Progress: +512 steps
Progress: +512 steps
Progress: +512 steps
Progress: +512 steps
Progress: +512 steps
Progress: +512 steps
Progress: +512 steps
Progress: +512 steps
Progress: +512 steps
Progress: +512 steps
Progress: +512 steps
Progress: +512 steps
Progress: +512 steps
Progress: +512 steps
Progress: +512 steps
Progress: +512 steps
Progress: +512 steps
Progress: +512 steps
Progress: +512 steps
Progress: +512 steps
Progress: +512 steps
Progress: +512 steps
Progress: +512 steps
Progress: +512 steps
Progress: +512 steps
Progress: +512 steps
Progress: +512 steps
Progress: +512 steps
Progress: +512 steps
Progress: +512 steps
Progress: +512 steps
Progress: +512 steps
Progress: +512 steps
Progress: +512 steps
Progress: +512 steps
Progress: +512 steps
Progress: +512 steps
Progress: +512 steps
Progress: +512 steps
Progress: +512 steps
Progress: +512 steps
Progress: +512 steps
Progress: +512 steps
EPROM read complete.
Run 4/5: SHA-256 dbc644d73d081f1401a727c30fc70eb5962ee8787a30c38a992dc75996ce9b56  bytes=65536  elapsed=13.35s
Run 5/5: reading W27C512 -> /workspaces/.planning/v1.6/pre-fix-runs/W27C512-leonardo-2026-05-26-121940-prefix/run_05.bin
Connecting...Connecting... OK      
WARN: Chip ID 0xda09 does not match expected ID 0xda08
Programmer warning: Chip ID 0xda09 does not match expected ID 0xda08
Progress: +512 steps
Progress: +512 steps
Progress: +512 steps
Progress: +512 steps
Progress: +512 steps
Progress: +512 steps
Progress: +512 steps
Progress: +512 steps
Progress: +512 steps
Progress: +512 steps
Progress: +512 steps
Progress: +512 steps
Progress: +512 steps
Progress: +512 steps
Progress: +512 steps
Progress: +512 steps
Progress: +512 steps
Progress: +512 steps
Progress: +512 steps
Progress: +512 steps
Progress: +512 steps
Progress: +512 steps
Progress: +512 steps
Progress: +512 steps
Progress: +512 steps
Progress: +512 steps
Progress: +512 steps
Progress: +512 steps
Progress: +512 steps
Progress: +512 steps
Progress: +512 steps
Progress: +512 steps
Progress: +512 steps
Progress: +512 steps
Progress: +512 steps
Progress: +512 steps
Progress: +512 steps
Progress: +512 steps
Progress: +512 steps
Progress: +512 steps
Progress: +512 steps
Progress: +512 steps
Progress: +512 steps
Progress: +512 steps
Progress: +512 steps
Progress: +512 steps
Progress: +512 steps
Progress: +512 steps
Progress: +512 steps
Progress: +512 steps
Progress: +512 steps
Progress: +512 steps
Progress: +512 steps
Progress: +512 steps
Progress: +512 steps
Progress: +512 steps
Progress: +512 steps
Progress: +512 steps
Progress: +512 steps
Progress: +512 steps
Progress: +512 steps
Progress: +512 steps
Progress: +512 steps
Progress: +512 steps
Progress: +512 steps
Progress: +512 steps
Progress: +512 steps
Progress: +512 steps
Progress: +512 steps
Progress: +512 steps
Progress: +512 steps
Progress: +512 steps
Progress: +512 steps
Progress: +512 steps
Progress: +512 steps
Progress: +512 steps
Progress: +512 steps
Progress: +512 steps
Progress: +512 steps
Progress: +512 steps
Progress: +512 steps
Progress: +512 steps
Progress: +512 steps
Progress: +512 steps
Progress: +512 steps
Progress: +512 steps
Progress: +512 steps
Progress: +512 steps
Progress: +512 steps
Progress: +512 steps
Progress: +512 steps
Progress: +512 steps
Progress: +512 steps
Progress: +512 steps
Progress: +512 steps
Progress: +512 steps
Progress: +512 steps
Progress: +512 steps
Progress: +512 steps
Progress: +512 steps
Progress: +512 steps
Progress: +512 steps
Progress: +512 steps
Progress: +512 steps
Progress: +512 steps
Progress: +512 steps
Progress: +512 steps
Progress: +512 steps
Progress: +512 steps
Progress: +512 steps
Progress: +512 steps
Progress: +512 steps
Progress: +512 steps
Progress: +512 steps
Progress: +512 steps
Progress: +512 steps
Progress: +512 steps
Progress: +512 steps
Progress: +512 steps
Progress: +512 steps
Progress: +512 steps
Progress: +512 steps
Progress: +512 steps
Progress: +512 steps
Progress: +512 steps
Progress: +512 steps
Progress: +512 steps
Progress: +512 steps
EPROM read complete.
Run 5/5: SHA-256 7e4e3ef971efabe21142e7914f6f990de1ecbd8fae208e3be8cc5adf746503f4  bytes=65536  elapsed=13.36s

Consistency check: FAIL
Chip: W27C512  Board: unknown-board  Port: /dev/ttyACM1
Runs: N=5
Distinct SHAs: 5
Output dir: /workspaces/.planning/v1.6/pre-fix-runs/W27C512-leonardo-2026-05-26-121940-prefix//
First divergence: offset 0x0028  (run_1=0xBE, run_2=0xBF)
Total divergent bytes (run_1 vs run_2): 286 / 65536 (0.4%)
First 10 divergent offsets: 0x0028, 0x00BF, 0x0180, 0x0225, 0x0254, 0x0264, 0x040A, 0x045C, 0x0484, 0x0504
