Run 1/5: reading W27C512 -> /workspaces/.planning/v1.6/pre-fix-runs/W27C512-uno328pb-2026-05-26-122539-prefix/run_01.bin
Connecting...Connecting... OK      
Progress: +512 steps
Progress: +512 steps
Progress: +512 steps
Progress: +512 steps
Progress: +512 steps
Progress: +512 steps
Progress: +512 steps
Progress: +512 steps
Progress: +512 steps
Progress: +512 steps
Progress: +512 steps
Progress: +512 steps
Progress: +512 steps
Progress: +512 steps
Progress: +512 steps
Progress: +512 steps
Progress: +512 steps
Progress: +512 steps
Progress: +512 steps
Progress: +512 steps
Progress: +512 steps
Progress: +512 steps
Progress: +512 steps
Progress: +512 steps
Progress: +512 steps
Progress: +512 steps
Progress: +512 steps
Progress: +512 steps
Progress: +512 steps
Progress: +512 steps
Progress: +512 steps
Progress: +512 steps
Progress: +512 steps
Progress: +512 steps
Progress: +512 steps
Progress: +512 steps
Progress: +512 steps
Progress: +512 steps
Progress: +512 steps
Progress: +512 steps
Progress: +512 steps
Progress: +512 steps
Progress: +512 steps
Progress: +512 steps
Progress: +512 steps
Progress: +512 steps
Progress: +512 steps
Progress: +512 steps
Progress: +512 steps
Progress: +512 steps
Progress: +512 steps
Progress: +512 steps
Progress: +512 steps
Progress: +512 steps
Progress: +512 steps
Progress: +512 steps
Progress: +512 steps
Progress: +512 steps
Progress: +512 steps
Progress: +512 steps
Progress: +512 steps
Progress: +512 steps
Progress: +512 steps
Progress: +512 steps
Progress: +512 steps
Progress: +512 steps
Progress: +512 steps
Progress: +512 steps
Progress: +512 steps
Progress: +512 steps
Progress: +512 steps
Progress: +512 steps
Progress: +512 steps
Progress: +512 steps
Progress: +512 steps
Progress: +512 steps
Progress: +512 steps
Progress: +512 steps
Progress: +512 steps
Progress: +512 steps
Progress: +512 steps
Progress: +512 steps
Progress: +512 steps
Progress: +512 steps
Progress: +512 steps
Progress: +512 steps
Progress: +512 steps
Progress: +512 steps
Progress: +512 steps
Progress: +512 steps
Progress: +512 steps
Progress: +512 steps
Progress: +512 steps
Progress: +512 steps
Progress: +512 steps
Progress: +512 steps
Progress: +512 steps
Progress: +512 steps
Progress: +512 steps
Progress: +512 steps
Progress: +512 steps
Progress: +512 steps
Progress: +512 steps
Progress: +512 steps
Progress: +512 steps
Progress: +512 steps
Progress: +512 steps
Progress: +512 steps
Progress: +512 steps
Progress: +512 steps
Progress: +512 steps
Progress: +512 steps
Progress: +512 steps
Progress: +512 steps
Progress: +512 steps
Progress: +512 steps
Progress: +512 steps
Progress: +512 steps
Progress: +512 steps
Progress: +512 steps
Progress: +512 steps
Progress: +512 steps
Progress: +512 steps
Progress: +512 steps
Progress: +512 steps
Progress: +512 steps
Progress: +512 steps
Progress: +512 steps
EPROM read complete.
Run 1/5: SHA-256 4a232ed5b6bb48db5134a8970d48aa5e0243e3e42fc403d86b56bc51b6ed90c4  bytes=65536  elapsed=20.16s
Run 2/5: reading W27C512 -> /workspaces/.planning/v1.6/pre-fix-runs/W27C512-uno328pb-2026-05-26-122539-prefix/run_02.bin
Connecting...Connecting... OK      
Progress: +512 steps
Progress: +512 steps
Progress: +512 steps
Progress: +512 steps
Progress: +512 steps
Progress: +512 steps
Progress: +512 steps
Progress: +512 steps
Progress: +512 steps
Progress: +512 steps
Progress: +512 steps
Progress: +512 steps
Progress: +512 steps
Progress: +512 steps
Progress: +512 steps
Progress: +512 steps
Progress: +512 steps
Progress: +512 steps
Progress: +512 steps
Progress: +512 steps
Progress: +512 steps
Progress: +512 steps
Progress: +512 steps
Progress: +512 steps
Progress: +512 steps
Progress: +512 steps
Progress: +512 steps
Progress: +512 steps
Progress: +512 steps
Progress: +512 steps
Progress: +512 steps
Progress: +512 steps
Progress: +512 steps
Progress: +512 steps
Progress: +512 steps
Progress: +512 steps
Progress: +512 steps
Progress: +512 steps
Progress: +512 steps
Progress: +512 steps
Progress: +512 steps
Progress: +512 steps
Progress: +512 steps
Progress: +512 steps
Progress: +512 steps
Progress: +512 steps
Progress: +512 steps
Progress: +512 steps
Progress: +512 steps
Progress: +512 steps
Progress: +512 steps
Progress: +512 steps
Progress: +512 steps
Progress: +512 steps
Progress: +512 steps
Progress: +512 steps
Progress: +512 steps
Progress: +512 steps
Progress: +512 steps
Progress: +512 steps
Progress: +512 steps
Progress: +512 steps
Progress: +512 steps
Progress: +512 steps
Progress: +512 steps
Progress: +512 steps
Progress: +512 steps
Progress: +512 steps
Progress: +512 steps
Progress: +512 steps
Progress: +512 steps
Progress: +512 steps
Progress: +512 steps
Progress: +512 steps
Progress: +512 steps
Progress: +512 steps
Progress: +512 steps
Progress: +512 steps
Progress: +512 steps
Progress: +512 steps
Progress: +512 steps
Progress: +512 steps
Progress: +512 steps
Progress: +512 steps
Progress: +512 steps
Progress: +512 steps
Progress: +512 steps
Progress: +512 steps
Progress: +512 steps
Progress: +512 steps
Progress: +512 steps
Progress: +512 steps
Progress: +512 steps
Progress: +512 steps
Progress: +512 steps
Progress: +512 steps
Progress: +512 steps
Progress: +512 steps
Progress: +512 steps
Progress: +512 steps
Progress: +512 steps
Progress: +512 steps
Progress: +512 steps
Progress: +512 steps
Progress: +512 steps
Progress: +512 steps
Progress: +512 steps
Progress: +512 steps
Progress: +512 steps
Progress: +512 steps
Progress: +512 steps
Progress: +512 steps
Progress: +512 steps
Progress: +512 steps
Progress: +512 steps
Progress: +512 steps
Progress: +512 steps
Progress: +512 steps
Progress: +512 steps
Progress: +512 steps
Progress: +512 steps
Progress: +512 steps
Progress: +512 steps
Progress: +512 steps
Progress: +512 steps
Progress: +512 steps
Progress: +512 steps
Progress: +512 steps
EPROM read complete.
Run 2/5: SHA-256 2534fc67ef3300b7e49118503927326b5f6826afdff41355fe2f66998a9d17f8  bytes=65536  elapsed=20.08s
Run 3/5: reading W27C512 -> /workspaces/.planning/v1.6/pre-fix-runs/W27C512-uno328pb-2026-05-26-122539-prefix/run_03.bin
Connecting...Connecting... OK      
Progress: +512 steps
Progress: +512 steps
Progress: +512 steps
Progress: +512 steps
Progress: +512 steps
Progress: +512 steps
Progress: +512 steps
Progress: +512 steps
Progress: +512 steps
Progress: +512 steps
Progress: +512 steps
Progress: +512 steps
Progress: +512 steps
Progress: +512 steps
Progress: +512 steps
Progress: +512 steps
Progress: +512 steps
Progress: +512 steps
Progress: +512 steps
Progress: +512 steps
Progress: +512 steps
Progress: +512 steps
Progress: +512 steps
Progress: +512 steps
Progress: +512 steps
Progress: +512 steps
Progress: +512 steps
Progress: +512 steps
Progress: +512 steps
Progress: +512 steps
Progress: +512 steps
Progress: +512 steps
Progress: +512 steps
Progress: +512 steps
Progress: +512 steps
Progress: +512 steps
Progress: +512 steps
Progress: +512 steps
Progress: +512 steps
Progress: +512 steps
Progress: +512 steps
Progress: +512 steps
Progress: +512 steps
Progress: +512 steps
Progress: +512 steps
Progress: +512 steps
Progress: +512 steps
Progress: +512 steps
Progress: +512 steps
Progress: +512 steps
Progress: +512 steps
Progress: +512 steps
Progress: +512 steps
Progress: +512 steps
Progress: +512 steps
Progress: +512 steps
Progress: +512 steps
Progress: +512 steps
Progress: +512 steps
Progress: +512 steps
Progress: +512 steps
Progress: +512 steps
Progress: +512 steps
Progress: +512 steps
Progress: +512 steps
Progress: +512 steps
Progress: +512 steps
Progress: +512 steps
Progress: +512 steps
Progress: +512 steps
Progress: +512 steps
Progress: +512 steps
Progress: +512 steps
Progress: +512 steps
Progress: +512 steps
Progress: +512 steps
Progress: +512 steps
Progress: +512 steps
Progress: +512 steps
Progress: +512 steps
Progress: +512 steps
Progress: +512 steps
Progress: +512 steps
Progress: +512 steps
Progress: +512 steps
Progress: +512 steps
Progress: +512 steps
Progress: +512 steps
Progress: +512 steps
Progress: +512 steps
Progress: +512 steps
Progress: +512 steps
Progress: +512 steps
Progress: +512 steps
Progress: +512 steps
Progress: +512 steps
Progress: +512 steps
Progress: +512 steps
Progress: +512 steps
Progress: +512 steps
Progress: +512 steps
Progress: +512 steps
Progress: +512 steps
Progress: +512 steps
Progress: +512 steps
Progress: +512 steps
Progress: +512 steps
Progress: +512 steps
Progress: +512 steps
Progress: +512 steps
Progress: +512 steps
Progress: +512 steps
Progress: +512 steps
Progress: +512 steps
Progress: +512 steps
Progress: +512 steps
Progress: +512 steps
Progress: +512 steps
Progress: +512 steps
Progress: +512 steps
Progress: +512 steps
Progress: +512 steps
Progress: +512 steps
Progress: +512 steps
Progress: +512 steps
Progress: +512 steps
Progress: +512 steps
Progress: +512 steps
EPROM read complete.
Run 3/5: SHA-256 bede7141f05152075841c240bf523f57938b52a235ff55a264c1dbfca2077464  bytes=65536  elapsed=20.08s
Run 4/5: reading W27C512 -> /workspaces/.planning/v1.6/pre-fix-runs/W27C512-uno328pb-2026-05-26-122539-prefix/run_04.bin
Connecting...Connecting... OK      
Progress: +512 steps
Progress: +512 steps
Progress: +512 steps
Progress: +512 steps
Progress: +512 steps
Progress: +512 steps
Progress: +512 steps
Progress: +512 steps
Progress: +512 steps
Progress: +512 steps
Progress: +512 steps
Progress: +512 steps
Progress: +512 steps
Progress: +512 steps
Progress: +512 steps
Progress: +512 steps
Progress: +512 steps
Progress: +512 steps
Progress: +512 steps
Progress: +512 steps
Progress: +512 steps
Progress: +512 steps
Progress: +512 steps
Progress: +512 steps
Progress: +512 steps
Progress: +512 steps
Progress: +512 steps
Progress: +512 steps
Progress: +512 steps
Progress: +512 steps
Progress: +512 steps
Progress: +512 steps
Progress: +512 steps
Progress: +512 steps
Progress: +512 steps
Progress: +512 steps
Progress: +512 steps
Progress: +512 steps
Progress: +512 steps
Progress: +512 steps
Progress: +512 steps
Progress: +512 steps
Progress: +512 steps
Progress: +512 steps
Progress: +512 steps
Progress: +512 steps
Progress: +512 steps
Progress: +512 steps
Progress: +512 steps
Progress: +512 steps
Progress: +512 steps
Progress: +512 steps
Progress: +512 steps
Progress: +512 steps
Progress: +512 steps
Progress: +512 steps
Progress: +512 steps
Progress: +512 steps
Progress: +512 steps
Progress: +512 steps
Progress: +512 steps
Progress: +512 steps
Progress: +512 steps
Progress: +512 steps
Progress: +512 steps
Progress: +512 steps
Progress: +512 steps
Progress: +512 steps
Progress: +512 steps
Progress: +512 steps
Progress: +512 steps
Progress: +512 steps
Progress: +512 steps
Progress: +512 steps
Progress: +512 steps
Progress: +512 steps
Progress: +512 steps
Progress: +512 steps
Progress: +512 steps
Progress: +512 steps
Progress: +512 steps
Progress: +512 steps
Progress: +512 steps
Progress: +512 steps
Progress: +512 steps
Progress: +512 steps
Progress: +512 steps
Progress: +512 steps
Progress: +512 steps
Progress: +512 steps
Progress: +512 steps
Progress: +512 steps
Progress: +512 steps
Progress: +512 steps
Progress: +512 steps
Progress: +512 steps
Progress: +512 steps
Progress: +512 steps
Progress: +512 steps
Progress: +512 steps
Progress: +512 steps
Progress: +512 steps
Progress: +512 steps
Progress: +512 steps
Progress: +512 steps
Progress: +512 steps
Progress: +512 steps
Progress: +512 steps
Progress: +512 steps
Progress: +512 steps
Progress: +512 steps
Progress: +512 steps
Progress: +512 steps
Progress: +512 steps
Progress: +512 steps
Progress: +512 steps
Progress: +512 steps
Progress: +512 steps
Progress: +512 steps
Progress: +512 steps
Progress: +512 steps
Progress: +512 steps
Progress: +512 steps
Progress: +512 steps
Progress: +512 steps
Progress: +512 steps
Progress: +512 steps
Progress: +512 steps
EPROM read complete.
Run 4/5: SHA-256 50444dfe8e6fc7d38bf175bae57e9aaaad3da399a201e92e5759b0e98de6945e  bytes=65536  elapsed=20.08s
Run 5/5: reading W27C512 -> /workspaces/.planning/v1.6/pre-fix-runs/W27C512-uno328pb-2026-05-26-122539-prefix/run_05.bin
Connecting...Connecting... OK      
Progress: +512 steps
Progress: +512 steps
Progress: +512 steps
Progress: +512 steps
Progress: +512 steps
Progress: +512 steps
Progress: +512 steps
Progress: +512 steps
Progress: +512 steps
Progress: +512 steps
Progress: +512 steps
Progress: +512 steps
Progress: +512 steps
Progress: +512 steps
Progress: +512 steps
Progress: +512 steps
Progress: +512 steps
Progress: +512 steps
Progress: +512 steps
Progress: +512 steps
Progress: +512 steps
Progress: +512 steps
Progress: +512 steps
Progress: +512 steps
Progress: +512 steps
Progress: +512 steps
Progress: +512 steps
Progress: +512 steps
Progress: +512 steps
Progress: +512 steps
Progress: +512 steps
Progress: +512 steps
Progress: +512 steps
Progress: +512 steps
Progress: +512 steps
Progress: +512 steps
Progress: +512 steps
Progress: +512 steps
Progress: +512 steps
Progress: +512 steps
Progress: +512 steps
Progress: +512 steps
Progress: +512 steps
Progress: +512 steps
Progress: +512 steps
Progress: +512 steps
Progress: +512 steps
Progress: +512 steps
Progress: +512 steps
Progress: +512 steps
Progress: +512 steps
Progress: +512 steps
Progress: +512 steps
Progress: +512 steps
Progress: +512 steps
Progress: +512 steps
Progress: +512 steps
Progress: +512 steps
Progress: +512 steps
Progress: +512 steps
Progress: +512 steps
Progress: +512 steps
Progress: +512 steps
Progress: +512 steps
Progress: +512 steps
Progress: +512 steps
Progress: +512 steps
Progress: +512 steps
Progress: +512 steps
Progress: +512 steps
Progress: +512 steps
Progress: +512 steps
Progress: +512 steps
Progress: +512 steps
Progress: +512 steps
Progress: +512 steps
Progress: +512 steps
Progress: +512 steps
Progress: +512 steps
Progress: +512 steps
Progress: +512 steps
Progress: +512 steps
Progress: +512 steps
Progress: +512 steps
Progress: +512 steps
Progress: +512 steps
Progress: +512 steps
Progress: +512 steps
Progress: +512 steps
Progress: +512 steps
Progress: +512 steps
Progress: +512 steps
Progress: +512 steps
Progress: +512 steps
Progress: +512 steps
Progress: +512 steps
Progress: +512 steps
Progress: +512 steps
Progress: +512 steps
Progress: +512 steps
Progress: +512 steps
Progress: +512 steps
Progress: +512 steps
Progress: +512 steps
Progress: +512 steps
Progress: +512 steps
Progress: +512 steps
Progress: +512 steps
Progress: +512 steps
Progress: +512 steps
Progress: +512 steps
Progress: +512 steps
Progress: +512 steps
Progress: +512 steps
Progress: +512 steps
Progress: +512 steps
Progress: +512 steps
Progress: +512 steps
Progress: +512 steps
Progress: +512 steps
Progress: +512 steps
Progress: +512 steps
Progress: +512 steps
Progress: +512 steps
Progress: +512 steps
Progress: +512 steps
Progress: +512 steps
Progress: +512 steps
EPROM read complete.
Run 5/5: SHA-256 dca66ec55d854b88c90c717f5145060ba98405efc2f4662fa9231a2b283f3bac  bytes=65536  elapsed=20.08s

Consistency check: FAIL
Chip: W27C512  Board: unknown-board  Port: /dev/ttyUSB0
Runs: N=5
Distinct SHAs: 5
Output dir: /workspaces/.planning/v1.6/pre-fix-runs/W27C512-uno328pb-2026-05-26-122539-prefix//
First divergence: offset 0x01F3  (run_1=0x03, run_2=0xFF)
Total divergent bytes (run_1 vs run_2): 305 / 65536 (0.5%)
First 10 divergent offsets: 0x01F3, 0x03AF, 0x066F, 0x06BB, 0x073F, 0x0777, 0x085F, 0x08D7, 0x08F3, 0x09AF
