Run 1/5: reading W27C512 -> /workspaces/.planning/v1.6/post-fix-runs/W27C512-uno328pb-2026-05-26-123605-rebuild/run_01.bin
Connecting...Connecting... OK      
Progress: +512 steps
Progress: +512 steps
Progress: +512 steps
Progress: +512 steps
Progress: +512 steps
Progress: +512 steps
Progress: +512 steps
Progress: +512 steps
Progress: +512 steps
Progress: +512 steps
Progress: +512 steps
Progress: +512 steps
Progress: +512 steps
Progress: +512 steps
Progress: +512 steps
Progress: +512 steps
Progress: +512 steps
Progress: +512 steps
Progress: +512 steps
Progress: +512 steps
Timeout waiting for a response from /dev/ttyUSB0.
Communication error during READ: Timeout waiting for a significant response from /dev/ttyUSB0.
Run 1: hardware/serial error -- read incomplete.
